Added Class: Name=CarrierBoard_Interface
Added Class: Name=ADC1_Nets
Added Class: Name=ADC2_Nets
Added Class: Name=ADC3_Nets
Added Class: Name=ADC4_Nets
Added Class: Name=ADC5_Nets
Added Class: Name=ADC6_Nets
Added Class: Name=ADC7_Nets
Added Class: Name=ADC8_Nets
Added Class: Name=ADC9_Nets
Added Class: Name=ADC10_Nets
Added Class: Name=ADC11_Nets
Added Class: Name=ADC12_Nets
Added Class: Name=ADC_1_N[1..12]
Added Class: Name=ADC_1_P[1..12]
Added Class: Name=ADC_2_N[1..12]
Added Class: Name=ADC_2_P[1..12]
Added Class: Name=ADC_3_N[1..12]
Added Class: Name=ADC_3_P[1..12]
Added Class: Name=ADC_4_N[1..12]
Added Class: Name=ADC_4_P[1..12]
Added Class: Name=ADC_5_N[1..12]
Added Class: Name=ADC_5_P[1..12]
Added Class: Name=ADC_6_N[1..12]
Added Class: Name=ADC_6_P[1..12]
Added Class: Name=ADC_7_N[1..12]
Added Class: Name=ADC_7_P[1..12]
Added Class: Name=ADC_8_N[1..12]
Added Class: Name=ADC_8_P[1..12]
Added Class: Name=AnalogSignals_Nets
Added Class: Name=BS1_Nets
Added Class: Name=BS2A_Nets
Added Class: Name=BS2B_Nets
Added Class: Name=BS2C_Nets
Added Class: Name=BS2D_Nets
Added Class: Name=BS2E_Nets
Added Class: Name=BS2F_Nets
Added Class: Name=BS2G_Nets
Added Class: Name=BS2H_Nets
Added Class: Name=BS2I_Nets
Added Class: Name=BS2J_Nets
Added Class: Name=BS2K_Nets
Added Class: Name=BS2L_Nets
Added Class: Name=BS3_Nets
Added Class: Name=C1A_Nets
Added Class: Name=C1B_Nets
Added Class: Name=C1C_Nets
Added Class: Name=C1D_Nets
Added Class: Name=C1E_Nets
Added Class: Name=C1F_Nets
Added Class: Name=C1G_Nets
Added Class: Name=C1H_Nets
Added Class: Name=C1I_Nets
Added Class: Name=C1J_Nets
Added Class: Name=C1K_Nets
Added Class: Name=C1L_Nets
Added Class: Name=C2A_Nets
Added Class: Name=C2B_Nets
Added Class: Name=C2C_Nets
Added Class: Name=C2D_Nets
Added Class: Name=C2E_Nets
Added Class: Name=C2F_Nets
Added Class: Name=C2G_Nets
Added Class: Name=C2H_Nets
Added Class: Name=C2I_Nets
Added Class: Name=C2J_Nets
Added Class: Name=C2K_Nets
Added Class: Name=C2L_Nets
Added Class: Name=C3A_Nets
Added Class: Name=C3B_Nets
Added Class: Name=C3C_Nets
Added Class: Name=C3D_Nets
Added Class: Name=C3E_Nets
Added Class: Name=C3F_Nets
Added Class: Name=C3G_Nets
Added Class: Name=C3H_Nets
Added Class: Name=C3I_Nets
Added Class: Name=C3J_Nets
Added Class: Name=C3K_Nets
Added Class: Name=C3L_Nets
Added Class: Name=C4A_Nets
Added Class: Name=C4B_Nets
Added Class: Name=C4C_Nets
Added Class: Name=C4D_Nets
Added Class: Name=C4E_Nets
Added Class: Name=C4F_Nets
Added Class: Name=C4G_Nets
Added Class: Name=C4H_Nets
Added Class: Name=C4I_Nets
Added Class: Name=C4J_Nets
Added Class: Name=C4K_Nets
Added Class: Name=C4L_Nets
Added Class: Name=C5A_Nets
Added Class: Name=C5B_Nets
Added Class: Name=C5C_Nets
Added Class: Name=C5D_Nets
Added Class: Name=C5E_Nets
Added Class: Name=C5F_Nets
Added Class: Name=C5G_Nets
Added Class: Name=C5H_Nets
Added Class: Name=C5I_Nets
Added Class: Name=C5J_Nets
Added Class: Name=C5K_Nets
Added Class: Name=C5L_Nets
Added Class: Name=C6_Nets
Added Class: Name=C7_Nets
Added Class: Name=D10_Nets
Added Class: Name=D11_Nets
Added Class: Name=DC1_Nets
Added Class: Name=J1_Nets
Added Class: Name=J2_Nets
Added Class: Name=J3_Nets
Added Class: Name=Logo1_Nets
Added Class: Name=Logo2_Nets
Added Class: Name=Logo3_Nets
Added Class: Name=MISO[1..12]
Added Class: Name=R3_Nets
Added Class: Name=R4_Nets
Added Class: Name=R13_Nets
Added Class: Name=R14_Nets
Added Class: Name=R15_Nets
Added Class: Name=R43A_Nets
Added Class: Name=R43B_Nets
Added Class: Name=R43C_Nets
Added Class: Name=R43D_Nets
Added Class: Name=R43E_Nets
Added Class: Name=R43F_Nets
Added Class: Name=R43G_Nets
Added Class: Name=R43H_Nets
Added Class: Name=R43I_Nets
Added Class: Name=R43J_Nets
Added Class: Name=R43K_Nets
Added Class: Name=R43L_Nets
Added Class: Name=U1A_Nets
Added Class: Name=U1B_Nets
Added Class: Name=U1C_Nets
Added Class: Name=U1D_Nets
Added Class: Name=U1E_Nets
Added Class: Name=U1F_Nets
Added Class: Name=U1G_Nets
Added Class: Name=U1H_Nets
Added Class: Name=U1I_Nets
Added Class: Name=U1J_Nets
Added Class: Name=U1K_Nets
Added Class: Name=U1L_Nets
Added Class: Name=X2_Nets
Added Class: Name=ADC1_StructureClass
Added Class: Name=ADC2_StructureClass
Added Class: Name=ADC3_StructureClass
Added Class: Name=ADC4_StructureClass
Added Class: Name=ADC5_StructureClass
Added Class: Name=ADC6_StructureClass
Added Class: Name=ADC7_StructureClass
Added Class: Name=ADC8_StructureClass
Added Class: Name=ADC9_StructureClass
Added Class: Name=ADC10_StructureClass
Added Class: Name=ADC11_StructureClass
Added Class: Name=ADC12_StructureClass
Added Class: Name=AnalogSignals_StructureClass
Added Class: Name=CarrierBoard_Interface_StructureClass
Added Class: Name=Power Supply_StructureClass
Added Room: Name=CarrierBoard_Interface
