Added Component: Designator=BS1(RES_1206)
Added Component: Designator=BS3(RES_1206)
Added Component: Designator=C6(RES_1206)
Added Component: Designator=C7(RES_1206)
Added Component: Designator=DC1(DC/DC 3.3V 2W No aislado)
Added Pin To Net: NetName=GND Pin=BS1-1
Added Pin To Net: NetName=AGND Pin=BS3-1
Added Pin To Net: NetName=VIN Pin=C6-1
Added Pin To Net: NetName=GND Pin=C6-2
Added Pin To Net: NetName=+3.3V_A Pin=C7-1
Added Pin To Net: NetName=AGND Pin=C7-2
Added Pin To Net: NetName=VIN Pin=DC1-1
Added Pin To Net: NetName=+3.3V_A Pin=DC1-3
Added Pin To Net: NetName=NetBS1_2 Pin=BS1-2
Added Pin To Net: NetName=NetBS1_2 Pin=BS3-2
Added Pin To Net: NetName=NetBS1_2 Pin=DC1-2
Added Net: Name=NetBS1_2
Added Member To Class: ClassName=Power Supply Member=Component BS1 Ferrite bead
Added Member To Class: ClassName=Power Supply Member=Component BS3 Ferrite bead
Added Member To Class: ClassName=Power Supply Member=Component C6 10uF
Added Member To Class: ClassName=Power Supply Member=Component C7 10uF
Added Member To Class: ClassName=Power Supply Member=Component DC1 No isolated DC-DC Converter
