Change Net Name : Old Net Name=IN_1A_N New Net Name=ADC_1_N1
Change Net Name : Old Net Name=IN_1A_P New Net Name=ADC_1_P1
Change Net Name : Old Net Name=IN_1B_N New Net Name=ADC_1_N2
Change Net Name : Old Net Name=IN_1B_P New Net Name=ADC_1_P2
Change Net Name : Old Net Name=IN_1C_N New Net Name=ADC_1_N3
Change Net Name : Old Net Name=IN_1C_P New Net Name=ADC_1_P3
Change Net Name : Old Net Name=IN_1D_N New Net Name=ADC_1_N4
Change Net Name : Old Net Name=IN_1D_P New Net Name=ADC_1_P4
Change Net Name : Old Net Name=IN_1E_N New Net Name=ADC_1_N5
Change Net Name : Old Net Name=IN_1E_P New Net Name=ADC_1_P5
Change Net Name : Old Net Name=IN_1F_N New Net Name=ADC_1_N6
Change Net Name : Old Net Name=IN_1F_P New Net Name=ADC_1_P6
Change Net Name : Old Net Name=IN_1G_N New Net Name=ADC_1_N7
Change Net Name : Old Net Name=IN_1G_P New Net Name=ADC_1_P7
Change Net Name : Old Net Name=IN_1H_N New Net Name=ADC_1_N8
Change Net Name : Old Net Name=IN_1H_P New Net Name=ADC_1_P8
Change Net Name : Old Net Name=IN_1I_N New Net Name=ADC_1_N9
Change Net Name : Old Net Name=IN_1I_P New Net Name=ADC_1_P9
Change Net Name : Old Net Name=IN_1J_N New Net Name=ADC_1_N10
Change Net Name : Old Net Name=IN_1J_P New Net Name=ADC_1_P10
Change Net Name : Old Net Name=IN_1K_N New Net Name=ADC_1_N11
Change Net Name : Old Net Name=IN_1K_P New Net Name=ADC_1_P11
Change Net Name : Old Net Name=IN_1L_N New Net Name=ADC_1_N12
Change Net Name : Old Net Name=IN_1L_P New Net Name=ADC_1_P12
Change Net Name : Old Net Name=IN_2A_N New Net Name=ADC_2_N1
Change Net Name : Old Net Name=IN_2A_P New Net Name=ADC_2_P1
Change Net Name : Old Net Name=IN_2B_N New Net Name=ADC_2_N2
Change Net Name : Old Net Name=IN_2B_P New Net Name=ADC_2_P2
Change Net Name : Old Net Name=IN_2C_N New Net Name=ADC_2_N3
Change Net Name : Old Net Name=IN_2C_P New Net Name=ADC_2_P3
Change Net Name : Old Net Name=IN_2D_N New Net Name=ADC_2_N4
Change Net Name : Old Net Name=IN_2D_P New Net Name=ADC_2_P4
Change Net Name : Old Net Name=IN_2E_N New Net Name=ADC_2_N5
Change Net Name : Old Net Name=IN_2E_P New Net Name=ADC_2_P5
Change Net Name : Old Net Name=IN_2F_N New Net Name=ADC_2_N6
Change Net Name : Old Net Name=IN_2F_P New Net Name=ADC_2_P6
Change Net Name : Old Net Name=IN_2G_N New Net Name=ADC_2_N7
Change Net Name : Old Net Name=IN_2G_P New Net Name=ADC_2_P7
Change Net Name : Old Net Name=IN_2H_N New Net Name=ADC_2_N8
Change Net Name : Old Net Name=IN_2H_P New Net Name=ADC_2_P8
Change Net Name : Old Net Name=IN_2I_N New Net Name=ADC_2_N9
Change Net Name : Old Net Name=IN_2I_P New Net Name=ADC_2_P9
Change Net Name : Old Net Name=IN_2J_N New Net Name=ADC_2_N10
Change Net Name : Old Net Name=IN_2J_P New Net Name=ADC_2_P10
Change Net Name : Old Net Name=IN_2K_N New Net Name=ADC_2_N11
Change Net Name : Old Net Name=IN_2K_P New Net Name=ADC_2_P11
Change Net Name : Old Net Name=IN_2L_N New Net Name=ADC_2_N12
Change Net Name : Old Net Name=IN_2L_P New Net Name=ADC_2_P12
Change Net Name : Old Net Name=IN_3A_N New Net Name=ADC_3_N1
Change Net Name : Old Net Name=IN_3A_P New Net Name=ADC_3_P1
Change Net Name : Old Net Name=IN_3B_N New Net Name=ADC_3_N2
Change Net Name : Old Net Name=IN_3B_P New Net Name=ADC_3_P2
Change Net Name : Old Net Name=IN_3C_N New Net Name=ADC_3_N3
Change Net Name : Old Net Name=IN_3C_P New Net Name=ADC_3_P3
Change Net Name : Old Net Name=IN_3D_N New Net Name=ADC_3_N4
Change Net Name : Old Net Name=IN_3D_P New Net Name=ADC_3_P4
Change Net Name : Old Net Name=IN_3E_N New Net Name=ADC_3_N5
Change Net Name : Old Net Name=IN_3E_P New Net Name=ADC_3_P5
Change Net Name : Old Net Name=IN_3F_N New Net Name=ADC_3_N6
Change Net Name : Old Net Name=IN_3F_P New Net Name=ADC_3_P6
Change Net Name : Old Net Name=IN_3G_N New Net Name=ADC_3_N7
Change Net Name : Old Net Name=IN_3G_P New Net Name=ADC_3_P7
Change Net Name : Old Net Name=IN_3H_N New Net Name=ADC_3_N8
Change Net Name : Old Net Name=IN_3H_P New Net Name=ADC_3_P8
Change Net Name : Old Net Name=IN_3I_N New Net Name=ADC_3_N9
Change Net Name : Old Net Name=IN_3I_P New Net Name=ADC_3_P9
Change Net Name : Old Net Name=IN_3J_N New Net Name=ADC_3_N10
Change Net Name : Old Net Name=IN_3J_P New Net Name=ADC_3_P10
Change Net Name : Old Net Name=IN_3K_N New Net Name=ADC_3_N11
Change Net Name : Old Net Name=IN_3K_P New Net Name=ADC_3_P11
Change Net Name : Old Net Name=IN_3L_N New Net Name=ADC_3_N12
Change Net Name : Old Net Name=IN_3L_P New Net Name=ADC_3_P12
Change Net Name : Old Net Name=IN_4A_N New Net Name=ADC_4_N1
Change Net Name : Old Net Name=IN_4A_P New Net Name=ADC_4_P1
Change Net Name : Old Net Name=IN_4B_N New Net Name=ADC_4_N2
Change Net Name : Old Net Name=IN_4B_P New Net Name=ADC_4_P2
Change Net Name : Old Net Name=IN_4C_N New Net Name=ADC_4_N3
Change Net Name : Old Net Name=IN_4C_P New Net Name=ADC_4_P3
Change Net Name : Old Net Name=IN_4D_N New Net Name=ADC_4_N4
Change Net Name : Old Net Name=IN_4D_P New Net Name=ADC_4_P4
Change Net Name : Old Net Name=IN_4E_N New Net Name=ADC_4_N5
Change Net Name : Old Net Name=IN_4E_P New Net Name=ADC_4_P5
Change Net Name : Old Net Name=IN_4F_N New Net Name=ADC_4_N6
Change Net Name : Old Net Name=IN_4F_P New Net Name=ADC_4_P6
Change Net Name : Old Net Name=IN_4G_N New Net Name=ADC_4_N7
Change Net Name : Old Net Name=IN_4G_P New Net Name=ADC_4_P7
Change Net Name : Old Net Name=IN_4H_N New Net Name=ADC_4_N8
Change Net Name : Old Net Name=IN_4H_P New Net Name=ADC_4_P8
Change Net Name : Old Net Name=IN_4I_N New Net Name=ADC_4_N9
Change Net Name : Old Net Name=IN_4I_P New Net Name=ADC_4_P9
Change Net Name : Old Net Name=IN_4J_N New Net Name=ADC_4_N10
Change Net Name : Old Net Name=IN_4J_P New Net Name=ADC_4_P10
Change Net Name : Old Net Name=IN_4K_N New Net Name=ADC_4_N11
Change Net Name : Old Net Name=IN_4K_P New Net Name=ADC_4_P11
Change Net Name : Old Net Name=IN_4L_N New Net Name=ADC_4_N12
Change Net Name : Old Net Name=IN_4L_P New Net Name=ADC_4_P12
Change Net Name : Old Net Name=IN_5A_N New Net Name=ADC_5_N1
Change Net Name : Old Net Name=IN_5A_P New Net Name=ADC_5_P1
Change Net Name : Old Net Name=IN_5B_N New Net Name=ADC_5_N2
Change Net Name : Old Net Name=IN_5B_P New Net Name=ADC_5_P2
Change Net Name : Old Net Name=IN_5C_N New Net Name=ADC_5_N3
Change Net Name : Old Net Name=IN_5C_P New Net Name=ADC_5_P3
Change Net Name : Old Net Name=IN_5D_N New Net Name=ADC_5_N4
Change Net Name : Old Net Name=IN_5D_P New Net Name=ADC_5_P4
Change Net Name : Old Net Name=IN_5E_N New Net Name=ADC_5_N5
Change Net Name : Old Net Name=IN_5E_P New Net Name=ADC_5_P5
Change Net Name : Old Net Name=IN_5F_N New Net Name=ADC_5_N6
Change Net Name : Old Net Name=IN_5F_P New Net Name=ADC_5_P6
Change Net Name : Old Net Name=IN_5G_N New Net Name=ADC_5_N7
Change Net Name : Old Net Name=IN_5G_P New Net Name=ADC_5_P7
Change Net Name : Old Net Name=IN_5H_N New Net Name=ADC_5_N8
Change Net Name : Old Net Name=IN_5H_P New Net Name=ADC_5_P8
Change Net Name : Old Net Name=IN_5I_N New Net Name=ADC_5_N9
Change Net Name : Old Net Name=IN_5I_P New Net Name=ADC_5_P9
Change Net Name : Old Net Name=IN_5J_N New Net Name=ADC_5_N10
Change Net Name : Old Net Name=IN_5J_P New Net Name=ADC_5_P10
Change Net Name : Old Net Name=IN_5K_N New Net Name=ADC_5_N11
Change Net Name : Old Net Name=IN_5K_P New Net Name=ADC_5_P11
Change Net Name : Old Net Name=IN_5L_N New Net Name=ADC_5_N12
Change Net Name : Old Net Name=IN_5L_P New Net Name=ADC_5_P12
Change Net Name : Old Net Name=IN_6A_N New Net Name=ADC_6_N1
Change Net Name : Old Net Name=IN_6A_P New Net Name=ADC_6_P1
Change Net Name : Old Net Name=IN_6B_N New Net Name=ADC_6_N2
Change Net Name : Old Net Name=IN_6B_P New Net Name=ADC_6_P2
Change Net Name : Old Net Name=IN_6C_N New Net Name=ADC_6_N3
Change Net Name : Old Net Name=IN_6C_P New Net Name=ADC_6_P3
Change Net Name : Old Net Name=IN_6D_N New Net Name=ADC_6_N4
Change Net Name : Old Net Name=IN_6D_P New Net Name=ADC_6_P4
Change Net Name : Old Net Name=IN_6E_N New Net Name=ADC_6_N5
Change Net Name : Old Net Name=IN_6E_P New Net Name=ADC_6_P5
Change Net Name : Old Net Name=IN_6F_N New Net Name=ADC_6_N6
Change Net Name : Old Net Name=IN_6F_P New Net Name=ADC_6_P6
Change Net Name : Old Net Name=IN_6G_N New Net Name=ADC_6_N7
Change Net Name : Old Net Name=IN_6G_P New Net Name=ADC_6_P7
Change Net Name : Old Net Name=IN_6H_N New Net Name=ADC_6_N8
Change Net Name : Old Net Name=IN_6H_P New Net Name=ADC_6_P8
Change Net Name : Old Net Name=IN_6I_N New Net Name=ADC_6_N9
Change Net Name : Old Net Name=IN_6I_P New Net Name=ADC_6_P9
Change Net Name : Old Net Name=IN_6J_N New Net Name=ADC_6_N10
Change Net Name : Old Net Name=IN_6J_P New Net Name=ADC_6_P10
Change Net Name : Old Net Name=IN_6K_N New Net Name=ADC_6_N11
Change Net Name : Old Net Name=IN_6K_P New Net Name=ADC_6_P11
Change Net Name : Old Net Name=IN_6L_N New Net Name=ADC_6_N12
Change Net Name : Old Net Name=IN_6L_P New Net Name=ADC_6_P12
Change Net Name : Old Net Name=IN_7A_N New Net Name=ADC_7_N1
Change Net Name : Old Net Name=IN_7A_P New Net Name=ADC_7_P1
Change Net Name : Old Net Name=IN_7B_N New Net Name=ADC_7_N2
Change Net Name : Old Net Name=IN_7B_P New Net Name=ADC_7_P2
Change Net Name : Old Net Name=IN_7C_N New Net Name=ADC_7_N3
Change Net Name : Old Net Name=IN_7C_P New Net Name=ADC_7_P3
Change Net Name : Old Net Name=IN_7D_N New Net Name=ADC_7_N4
Change Net Name : Old Net Name=IN_7D_P New Net Name=ADC_7_P4
Change Net Name : Old Net Name=IN_7E_N New Net Name=ADC_7_N5
Change Net Name : Old Net Name=IN_7E_P New Net Name=ADC_7_P5
Change Net Name : Old Net Name=IN_7F_N New Net Name=ADC_7_N6
Change Net Name : Old Net Name=IN_7F_P New Net Name=ADC_7_P6
Change Net Name : Old Net Name=IN_7G_N New Net Name=ADC_7_N7
Change Net Name : Old Net Name=IN_7G_P New Net Name=ADC_7_P7
Change Net Name : Old Net Name=IN_7H_N New Net Name=ADC_7_N8
Change Net Name : Old Net Name=IN_7H_P New Net Name=ADC_7_P8
Change Net Name : Old Net Name=IN_7I_N New Net Name=ADC_7_N9
Change Net Name : Old Net Name=IN_7I_P New Net Name=ADC_7_P9
Change Net Name : Old Net Name=IN_7J_N New Net Name=ADC_7_N10
Change Net Name : Old Net Name=IN_7J_P New Net Name=ADC_7_P10
Change Net Name : Old Net Name=IN_7K_N New Net Name=ADC_7_N11
Change Net Name : Old Net Name=IN_7K_P New Net Name=ADC_7_P11
Change Net Name : Old Net Name=IN_7L_N New Net Name=ADC_7_N12
Change Net Name : Old Net Name=IN_7L_P New Net Name=ADC_7_P12
Change Net Name : Old Net Name=IN_8A_N New Net Name=ADC_8_N1
Change Net Name : Old Net Name=IN_8A_P New Net Name=ADC_8_P1
Change Net Name : Old Net Name=IN_8B_N New Net Name=ADC_8_N2
Change Net Name : Old Net Name=IN_8B_P New Net Name=ADC_8_P2
Change Net Name : Old Net Name=IN_8C_N New Net Name=ADC_8_N3
Change Net Name : Old Net Name=IN_8C_P New Net Name=ADC_8_P3
Change Net Name : Old Net Name=IN_8D_N New Net Name=ADC_8_N4
Change Net Name : Old Net Name=IN_8D_P New Net Name=ADC_8_P4
Change Net Name : Old Net Name=IN_8E_N New Net Name=ADC_8_N5
Change Net Name : Old Net Name=IN_8E_P New Net Name=ADC_8_P5
Change Net Name : Old Net Name=IN_8F_N New Net Name=ADC_8_N6
Change Net Name : Old Net Name=IN_8F_P New Net Name=ADC_8_P6
Change Net Name : Old Net Name=IN_8G_N New Net Name=ADC_8_N7
Change Net Name : Old Net Name=IN_8G_P New Net Name=ADC_8_P7
Change Net Name : Old Net Name=IN_8H_N New Net Name=ADC_8_N8
Change Net Name : Old Net Name=IN_8H_P New Net Name=ADC_8_P8
Change Net Name : Old Net Name=IN_8I_N New Net Name=ADC_8_N9
Change Net Name : Old Net Name=IN_8I_P New Net Name=ADC_8_P9
Change Net Name : Old Net Name=IN_8J_N New Net Name=ADC_8_N10
Change Net Name : Old Net Name=IN_8J_P New Net Name=ADC_8_P10
Change Net Name : Old Net Name=IN_8K_N New Net Name=ADC_8_N11
Change Net Name : Old Net Name=IN_8K_P New Net Name=ADC_8_P11
Change Net Name : Old Net Name=IN_8L_N New Net Name=ADC_8_N12
Change Net Name : Old Net Name=IN_8L_P New Net Name=ADC_8_P12
Added Differential Pair: Name=ADC_11
Added Differential Pair: Name=ADC_12
Added Differential Pair: Name=ADC_13
Added Differential Pair: Name=ADC_14
Added Differential Pair: Name=ADC_15
Added Differential Pair: Name=ADC_16
Added Differential Pair: Name=ADC_17
Added Differential Pair: Name=ADC_18
Added Differential Pair: Name=ADC_19
Added Differential Pair: Name=ADC_21
Added Differential Pair: Name=ADC_22
Added Differential Pair: Name=ADC_23
Added Differential Pair: Name=ADC_24
Added Differential Pair: Name=ADC_25
Added Differential Pair: Name=ADC_26
Added Differential Pair: Name=ADC_27
Added Differential Pair: Name=ADC_28
Added Differential Pair: Name=ADC_29
Added Differential Pair: Name=ADC_31
Added Differential Pair: Name=ADC_32
Added Differential Pair: Name=ADC_33
Added Differential Pair: Name=ADC_34
Added Differential Pair: Name=ADC_35
Added Differential Pair: Name=ADC_36
Added Differential Pair: Name=ADC_37
Added Differential Pair: Name=ADC_38
Added Differential Pair: Name=ADC_39
Added Differential Pair: Name=ADC_41
Added Differential Pair: Name=ADC_42
Added Differential Pair: Name=ADC_43
Added Differential Pair: Name=ADC_44
Added Differential Pair: Name=ADC_45
Added Differential Pair: Name=ADC_46
Added Differential Pair: Name=ADC_47
Added Differential Pair: Name=ADC_48
Added Differential Pair: Name=ADC_49
Added Differential Pair: Name=ADC_51
Added Differential Pair: Name=ADC_52
Added Differential Pair: Name=ADC_53
Added Differential Pair: Name=ADC_54
Added Differential Pair: Name=ADC_55
Added Differential Pair: Name=ADC_56
Added Differential Pair: Name=ADC_57
Added Differential Pair: Name=ADC_58
Added Differential Pair: Name=ADC_59
Added Differential Pair: Name=ADC_61
Added Differential Pair: Name=ADC_62
Added Differential Pair: Name=ADC_63
Added Differential Pair: Name=ADC_64
Added Differential Pair: Name=ADC_65
Added Differential Pair: Name=ADC_66
Added Differential Pair: Name=ADC_67
Added Differential Pair: Name=ADC_68
Added Differential Pair: Name=ADC_69
Added Differential Pair: Name=ADC_71
Added Differential Pair: Name=ADC_72
Added Differential Pair: Name=ADC_73
Added Differential Pair: Name=ADC_74
Added Differential Pair: Name=ADC_75
Added Differential Pair: Name=ADC_76
Added Differential Pair: Name=ADC_77
Added Differential Pair: Name=ADC_78
Added Differential Pair: Name=ADC_79
Added Differential Pair: Name=ADC_81
Added Differential Pair: Name=ADC_82
Added Differential Pair: Name=ADC_83
Added Differential Pair: Name=ADC_84
Added Differential Pair: Name=ADC_85
Added Differential Pair: Name=ADC_86
Added Differential Pair: Name=ADC_87
Added Differential Pair: Name=ADC_88
Added Differential Pair: Name=ADC_89
Added Differential Pair: Name=ADC_110
Added Differential Pair: Name=ADC_111
Added Differential Pair: Name=ADC_112
Added Differential Pair: Name=ADC_210
Added Differential Pair: Name=ADC_211
Added Differential Pair: Name=ADC_212
Added Differential Pair: Name=ADC_310
Added Differential Pair: Name=ADC_311
Added Differential Pair: Name=ADC_312
Added Differential Pair: Name=ADC_410
Added Differential Pair: Name=ADC_411
Added Differential Pair: Name=ADC_412
Added Differential Pair: Name=ADC_510
Added Differential Pair: Name=ADC_511
Added Differential Pair: Name=ADC_512
Added Differential Pair: Name=ADC_610
Added Differential Pair: Name=ADC_611
Added Differential Pair: Name=ADC_612
Added Differential Pair: Name=ADC_710
Added Differential Pair: Name=ADC_711
Added Differential Pair: Name=ADC_712
Added Differential Pair: Name=ADC_810
Added Differential Pair: Name=ADC_811
Added Differential Pair: Name=ADC_812
