Removed Member From Class: ClassName=AnalogSignals_Nets Member=GND
Removed Member From Class: ClassName=AnalogSignals_Nets Member=NetJ2_9
Removed Member From Class: ClassName=AnalogSignals_Nets Member=NetJ2_28
Removed Member From Class: ClassName=AnalogSignals_Nets Member=NetJ3_9
Removed Member From Class: ClassName=AnalogSignals_Nets Member=NetJ3_28
Removed Member From Class: ClassName=AnalogSignals_Nets Member=VIN
Change Class Name : Old Net Name=AnalogSignals_Nets New Net Name=Principal_Nets
Added Class: Name=AnalogSignals_Nets
Added Class: Name=CarrierBoard_Interface_Nets
Added Class: Name=Power Supply_Nets
Added Member To Class: ClassName=Principal_Nets Member=Wire CHIPSELECT
Added Member To Class: ClassName=Principal_Nets Member=Element[1]: MISO
Added Member To Class: ClassName=Principal_Nets Member=Element[2]: MISO
Added Member To Class: ClassName=Principal_Nets Member=Element[3]: MISO
Added Member To Class: ClassName=Principal_Nets Member=Element[4]: MISO
Added Member To Class: ClassName=Principal_Nets Member=Element[5]: MISO
Added Member To Class: ClassName=Principal_Nets Member=Element[6]: MISO
Added Member To Class: ClassName=Principal_Nets Member=Element[7]: MISO
Added Member To Class: ClassName=Principal_Nets Member=Element[8]: MISO
Added Member To Class: ClassName=Principal_Nets Member=Element[9]: MISO
Added Member To Class: ClassName=Principal_Nets Member=Element[10]: MISO
Added Member To Class: ClassName=Principal_Nets Member=Element[11]: MISO
Added Member To Class: ClassName=Principal_Nets Member=Element[12]: MISO
Added Member To Class: ClassName=Principal_Nets Member=Wire MOSI
Added Member To Class: ClassName=Principal_Nets Member=Wire SCLK
