Removed Pin From Net: NetName=GND Pin=BS2A-1
Removed Pin From Net: NetName=AGND Pin=BS2A-2
Removed Pin From Net: NetName=GND Pin=BS2B-1
Removed Pin From Net: NetName=AGND Pin=BS2B-2
Removed Pin From Net: NetName=GND Pin=BS2C-1
Removed Pin From Net: NetName=AGND Pin=BS2C-2
Removed Pin From Net: NetName=GND Pin=BS2D-1
Removed Pin From Net: NetName=AGND Pin=BS2D-2
Removed Pin From Net: NetName=GND Pin=BS2E-1
Removed Pin From Net: NetName=AGND Pin=BS2E-2
Removed Pin From Net: NetName=GND Pin=BS2F-1
Removed Pin From Net: NetName=AGND Pin=BS2F-2
Removed Pin From Net: NetName=GND Pin=BS2G-1
Removed Pin From Net: NetName=AGND Pin=BS2G-2
Removed Pin From Net: NetName=GND Pin=BS2H-1
Removed Pin From Net: NetName=AGND Pin=BS2H-2
Removed Pin From Net: NetName=GND Pin=BS2I-1
Removed Pin From Net: NetName=AGND Pin=BS2I-2
Removed Pin From Net: NetName=GND Pin=BS2J-1
Removed Pin From Net: NetName=AGND Pin=BS2J-2
Removed Pin From Net: NetName=GND Pin=BS2K-1
Removed Pin From Net: NetName=AGND Pin=BS2K-2
Removed Pin From Net: NetName=GND Pin=BS2L-1
Removed Pin From Net: NetName=AGND Pin=BS2L-2
Removed Pin From Net: NetName=+3.3V Pin=C1A-1
Removed Pin From Net: NetName=GND Pin=C1A-2
Removed Pin From Net: NetName=+3.3V Pin=C1B-1
Removed Pin From Net: NetName=GND Pin=C1B-2
Removed Pin From Net: NetName=+3.3V Pin=C1C-1
Removed Pin From Net: NetName=GND Pin=C1C-2
Removed Pin From Net: NetName=+3.3V Pin=C1D-1
Removed Pin From Net: NetName=GND Pin=C1D-2
Removed Pin From Net: NetName=+3.3V Pin=C1E-1
Removed Pin From Net: NetName=GND Pin=C1E-2
Removed Pin From Net: NetName=+3.3V Pin=C1F-1
Removed Pin From Net: NetName=GND Pin=C1F-2
Removed Pin From Net: NetName=+3.3V Pin=C1G-1
Removed Pin From Net: NetName=GND Pin=C1G-2
Removed Pin From Net: NetName=+3.3V Pin=C1H-1
Removed Pin From Net: NetName=GND Pin=C1H-2
Removed Pin From Net: NetName=+3.3V Pin=C1I-1
Removed Pin From Net: NetName=GND Pin=C1I-2
Removed Pin From Net: NetName=+3.3V Pin=C1J-1
Removed Pin From Net: NetName=GND Pin=C1J-2
Removed Pin From Net: NetName=+3.3V Pin=C1K-1
Removed Pin From Net: NetName=GND Pin=C1K-2
Removed Pin From Net: NetName=+3.3V Pin=C1L-1
Removed Pin From Net: NetName=GND Pin=C1L-2
Removed Pin From Net: NetName=+3.3V Pin=C2A-1
Removed Pin From Net: NetName=GND Pin=C2A-2
Removed Pin From Net: NetName=+3.3V Pin=C2B-1
Removed Pin From Net: NetName=GND Pin=C2B-2
Removed Pin From Net: NetName=+3.3V Pin=C2C-1
Removed Pin From Net: NetName=GND Pin=C2C-2
Removed Pin From Net: NetName=+3.3V Pin=C2D-1
Removed Pin From Net: NetName=GND Pin=C2D-2
Removed Pin From Net: NetName=+3.3V Pin=C2E-1
Removed Pin From Net: NetName=GND Pin=C2E-2
Removed Pin From Net: NetName=+3.3V Pin=C2F-1
Removed Pin From Net: NetName=GND Pin=C2F-2
Removed Pin From Net: NetName=+3.3V Pin=C2G-1
Removed Pin From Net: NetName=GND Pin=C2G-2
Removed Pin From Net: NetName=+3.3V Pin=C2H-1
Removed Pin From Net: NetName=GND Pin=C2H-2
Removed Pin From Net: NetName=+3.3V Pin=C2I-1
Removed Pin From Net: NetName=GND Pin=C2I-2
Removed Pin From Net: NetName=+3.3V Pin=C2J-1
Removed Pin From Net: NetName=GND Pin=C2J-2
Removed Pin From Net: NetName=+3.3V Pin=C2K-1
Removed Pin From Net: NetName=GND Pin=C2K-2
Removed Pin From Net: NetName=+3.3V Pin=C2L-1
Removed Pin From Net: NetName=GND Pin=C2L-2
Removed Pin From Net: NetName=+3.3V_A Pin=C3A-1
Removed Pin From Net: NetName=AGND Pin=C3A-2
Removed Pin From Net: NetName=+3.3V_A Pin=C3B-1
Removed Pin From Net: NetName=AGND Pin=C3B-2
Removed Pin From Net: NetName=+3.3V_A Pin=C3C-1
Removed Pin From Net: NetName=AGND Pin=C3C-2
Removed Pin From Net: NetName=+3.3V_A Pin=C3D-1
Removed Pin From Net: NetName=AGND Pin=C3D-2
Removed Pin From Net: NetName=+3.3V_A Pin=C3E-1
Removed Pin From Net: NetName=AGND Pin=C3E-2
Removed Pin From Net: NetName=+3.3V_A Pin=C3F-1
Removed Pin From Net: NetName=AGND Pin=C3F-2
Removed Pin From Net: NetName=+3.3V_A Pin=C3G-1
Removed Pin From Net: NetName=AGND Pin=C3G-2
Removed Pin From Net: NetName=+3.3V_A Pin=C3H-1
Removed Pin From Net: NetName=AGND Pin=C3H-2
Removed Pin From Net: NetName=+3.3V_A Pin=C3I-1
Removed Pin From Net: NetName=AGND Pin=C3I-2
Removed Pin From Net: NetName=+3.3V_A Pin=C3J-1
Removed Pin From Net: NetName=AGND Pin=C3J-2
Removed Pin From Net: NetName=+3.3V_A Pin=C3K-1
Removed Pin From Net: NetName=AGND Pin=C3K-2
Removed Pin From Net: NetName=+3.3V_A Pin=C3L-1
Removed Pin From Net: NetName=AGND Pin=C3L-2
Removed Pin From Net: NetName=+3.3V_A Pin=C4A-1
Removed Pin From Net: NetName=AGND Pin=C4A-2
Removed Pin From Net: NetName=+3.3V_A Pin=C4B-1
Removed Pin From Net: NetName=AGND Pin=C4B-2
Removed Pin From Net: NetName=+3.3V_A Pin=C4C-1
Removed Pin From Net: NetName=AGND Pin=C4C-2
Removed Pin From Net: NetName=+3.3V_A Pin=C4D-1
Removed Pin From Net: NetName=AGND Pin=C4D-2
Removed Pin From Net: NetName=+3.3V_A Pin=C4E-1
Removed Pin From Net: NetName=AGND Pin=C4E-2
Removed Pin From Net: NetName=+3.3V_A Pin=C4F-1
Removed Pin From Net: NetName=AGND Pin=C4F-2
Removed Pin From Net: NetName=+3.3V_A Pin=C4G-1
Removed Pin From Net: NetName=AGND Pin=C4G-2
Removed Pin From Net: NetName=+3.3V_A Pin=C4H-1
Removed Pin From Net: NetName=AGND Pin=C4H-2
Removed Pin From Net: NetName=+3.3V_A Pin=C4I-1
Removed Pin From Net: NetName=AGND Pin=C4I-2
Removed Pin From Net: NetName=+3.3V_A Pin=C4J-1
Removed Pin From Net: NetName=AGND Pin=C4J-2
Removed Pin From Net: NetName=+3.3V_A Pin=C4K-1
Removed Pin From Net: NetName=AGND Pin=C4K-2
Removed Pin From Net: NetName=+3.3V_A Pin=C4L-1
Removed Pin From Net: NetName=AGND Pin=C4L-2
Removed Pin From Net: NetName=+3.3V_A Pin=C5A-1
Removed Pin From Net: NetName=AGND Pin=C5A-2
Removed Pin From Net: NetName=+3.3V_A Pin=C5B-1
Removed Pin From Net: NetName=AGND Pin=C5B-2
Removed Pin From Net: NetName=+3.3V_A Pin=C5C-1
Removed Pin From Net: NetName=AGND Pin=C5C-2
Removed Pin From Net: NetName=+3.3V_A Pin=C5D-1
Removed Pin From Net: NetName=AGND Pin=C5D-2
Removed Pin From Net: NetName=+3.3V_A Pin=C5E-1
Removed Pin From Net: NetName=AGND Pin=C5E-2
Removed Pin From Net: NetName=+3.3V_A Pin=C5F-1
Removed Pin From Net: NetName=AGND Pin=C5F-2
Removed Pin From Net: NetName=+3.3V_A Pin=C5G-1
Removed Pin From Net: NetName=AGND Pin=C5G-2
Removed Pin From Net: NetName=+3.3V_A Pin=C5H-1
Removed Pin From Net: NetName=AGND Pin=C5H-2
Removed Pin From Net: NetName=+3.3V_A Pin=C5I-1
Removed Pin From Net: NetName=AGND Pin=C5I-2
Removed Pin From Net: NetName=+3.3V_A Pin=C5J-1
Removed Pin From Net: NetName=AGND Pin=C5J-2
Removed Pin From Net: NetName=+3.3V_A Pin=C5K-1
Removed Pin From Net: NetName=AGND Pin=C5K-2
Removed Pin From Net: NetName=+3.3V_A Pin=C5L-1
Removed Pin From Net: NetName=AGND Pin=C5L-2
Removed Pin From Net: NetName=MISO1 Pin=R43A-1
Removed Pin From Net: NetName=MISO2 Pin=R43B-1
Removed Pin From Net: NetName=MISO3 Pin=R43C-1
Removed Pin From Net: NetName=MISO4 Pin=R43D-1
Removed Pin From Net: NetName=MISO5 Pin=R43E-1
Removed Pin From Net: NetName=MISO6 Pin=R43F-1
Removed Pin From Net: NetName=MISO7 Pin=R43G-1
Removed Pin From Net: NetName=MISO8 Pin=R43H-1
Removed Pin From Net: NetName=MISO9 Pin=R43I-1
Removed Pin From Net: NetName=MISO10 Pin=R43J-1
Removed Pin From Net: NetName=MISO11 Pin=R43K-1
Removed Pin From Net: NetName=MISO12 Pin=R43L-1
Removed Pin From Net: NetName=ADC_2_N1 Pin=U1A-16
Removed Pin From Net: NetName=AGND Pin=U1A-17
Removed Pin From Net: NetName=+3.3V_A Pin=U1A-18
Removed Pin From Net: NetName=AGND Pin=U1A-19
Removed Pin From Net: NetName=+3.3V_A Pin=U1A-20
Removed Pin From Net: NetName=+3.3V_A Pin=U1A-21
Removed Pin From Net: NetName=SCLK Pin=U1A-22
Removed Pin From Net: NetName=CHIPSELECT Pin=U1A-23
Removed Pin From Net: NetName=MOSI Pin=U1A-24
Removed Pin From Net: NetName=GND Pin=U1A-25
Removed Pin From Net: NetName=+3.3V Pin=U1A-26
Removed Pin From Net: NetName=GND Pin=U1A-33
Removed Pin From Net: NetName=ADC_2_P2 Pin=U1B-15
Removed Pin From Net: NetName=AGND Pin=U1B-17
Removed Pin From Net: NetName=+3.3V_A Pin=U1B-18
Removed Pin From Net: NetName=AGND Pin=U1B-19
Removed Pin From Net: NetName=+3.3V_A Pin=U1B-20
Removed Pin From Net: NetName=+3.3V_A Pin=U1B-21
Removed Pin From Net: NetName=SCLK Pin=U1B-22
Removed Pin From Net: NetName=CHIPSELECT Pin=U1B-23
Removed Pin From Net: NetName=MOSI Pin=U1B-24
Removed Pin From Net: NetName=GND Pin=U1B-25
Removed Pin From Net: NetName=+3.3V Pin=U1B-26
Removed Pin From Net: NetName=GND Pin=U1B-33
Removed Pin From Net: NetName=AGND Pin=U1C-17
Removed Pin From Net: NetName=+3.3V_A Pin=U1C-18
Removed Pin From Net: NetName=AGND Pin=U1C-19
Removed Pin From Net: NetName=+3.3V_A Pin=U1C-20
Removed Pin From Net: NetName=+3.3V_A Pin=U1C-21
Removed Pin From Net: NetName=SCLK Pin=U1C-22
Removed Pin From Net: NetName=CHIPSELECT Pin=U1C-23
Removed Pin From Net: NetName=MOSI Pin=U1C-24
Removed Pin From Net: NetName=GND Pin=U1C-25
Removed Pin From Net: NetName=+3.3V Pin=U1C-26
Removed Pin From Net: NetName=GND Pin=U1C-33
Removed Pin From Net: NetName=AGND Pin=U1D-17
Removed Pin From Net: NetName=+3.3V_A Pin=U1D-18
Removed Pin From Net: NetName=AGND Pin=U1D-19
Removed Pin From Net: NetName=+3.3V_A Pin=U1D-20
Removed Pin From Net: NetName=+3.3V_A Pin=U1D-21
Removed Pin From Net: NetName=SCLK Pin=U1D-22
Removed Pin From Net: NetName=CHIPSELECT Pin=U1D-23
Removed Pin From Net: NetName=MOSI Pin=U1D-24
Removed Pin From Net: NetName=GND Pin=U1D-25
Removed Pin From Net: NetName=+3.3V Pin=U1D-26
Removed Pin From Net: NetName=GND Pin=U1D-33
Removed Pin From Net: NetName=AGND Pin=U1E-17
Removed Pin From Net: NetName=+3.3V_A Pin=U1E-18
Removed Pin From Net: NetName=AGND Pin=U1E-19
Removed Pin From Net: NetName=+3.3V_A Pin=U1E-20
Removed Pin From Net: NetName=+3.3V_A Pin=U1E-21
Removed Pin From Net: NetName=SCLK Pin=U1E-22
Removed Pin From Net: NetName=CHIPSELECT Pin=U1E-23
Removed Pin From Net: NetName=MOSI Pin=U1E-24
Removed Pin From Net: NetName=GND Pin=U1E-25
Removed Pin From Net: NetName=+3.3V Pin=U1E-26
Removed Pin From Net: NetName=GND Pin=U1E-33
Removed Pin From Net: NetName=AGND Pin=U1F-17
Removed Pin From Net: NetName=+3.3V_A Pin=U1F-18
Removed Pin From Net: NetName=AGND Pin=U1F-19
Removed Pin From Net: NetName=+3.3V_A Pin=U1F-20
Removed Pin From Net: NetName=+3.3V_A Pin=U1F-21
Removed Pin From Net: NetName=SCLK Pin=U1F-22
Removed Pin From Net: NetName=CHIPSELECT Pin=U1F-23
Removed Pin From Net: NetName=MOSI Pin=U1F-24
Removed Pin From Net: NetName=GND Pin=U1F-25
Removed Pin From Net: NetName=+3.3V Pin=U1F-26
Removed Pin From Net: NetName=GND Pin=U1F-33
Removed Pin From Net: NetName=AGND Pin=U1G-17
Removed Pin From Net: NetName=+3.3V_A Pin=U1G-18
Removed Pin From Net: NetName=AGND Pin=U1G-19
Removed Pin From Net: NetName=+3.3V_A Pin=U1G-20
Removed Pin From Net: NetName=+3.3V_A Pin=U1G-21
Removed Pin From Net: NetName=SCLK Pin=U1G-22
Removed Pin From Net: NetName=CHIPSELECT Pin=U1G-23
Removed Pin From Net: NetName=MOSI Pin=U1G-24
Removed Pin From Net: NetName=GND Pin=U1G-25
Removed Pin From Net: NetName=+3.3V Pin=U1G-26
Removed Pin From Net: NetName=GND Pin=U1G-33
Removed Pin From Net: NetName=AGND Pin=U1H-17
Removed Pin From Net: NetName=+3.3V_A Pin=U1H-18
Removed Pin From Net: NetName=AGND Pin=U1H-19
Removed Pin From Net: NetName=+3.3V_A Pin=U1H-20
Removed Pin From Net: NetName=+3.3V_A Pin=U1H-21
Removed Pin From Net: NetName=SCLK Pin=U1H-22
Removed Pin From Net: NetName=CHIPSELECT Pin=U1H-23
Removed Pin From Net: NetName=MOSI Pin=U1H-24
Removed Pin From Net: NetName=GND Pin=U1H-25
Removed Pin From Net: NetName=+3.3V Pin=U1H-26
Removed Pin From Net: NetName=GND Pin=U1H-33
Removed Pin From Net: NetName=AGND Pin=U1I-17
Removed Pin From Net: NetName=+3.3V_A Pin=U1I-18
Removed Pin From Net: NetName=AGND Pin=U1I-19
Removed Pin From Net: NetName=+3.3V_A Pin=U1I-20
Removed Pin From Net: NetName=+3.3V_A Pin=U1I-21
Removed Pin From Net: NetName=SCLK Pin=U1I-22
Removed Pin From Net: NetName=CHIPSELECT Pin=U1I-23
Removed Pin From Net: NetName=MOSI Pin=U1I-24
Removed Pin From Net: NetName=GND Pin=U1I-25
Removed Pin From Net: NetName=+3.3V Pin=U1I-26
Removed Pin From Net: NetName=GND Pin=U1I-33
Removed Pin From Net: NetName=AGND Pin=U1J-17
Removed Pin From Net: NetName=+3.3V_A Pin=U1J-18
Removed Pin From Net: NetName=AGND Pin=U1J-19
Removed Pin From Net: NetName=+3.3V_A Pin=U1J-20
Removed Pin From Net: NetName=+3.3V_A Pin=U1J-21
Removed Pin From Net: NetName=SCLK Pin=U1J-22
Removed Pin From Net: NetName=CHIPSELECT Pin=U1J-23
Removed Pin From Net: NetName=MOSI Pin=U1J-24
Removed Pin From Net: NetName=GND Pin=U1J-25
Removed Pin From Net: NetName=+3.3V Pin=U1J-26
Removed Pin From Net: NetName=GND Pin=U1J-33
Removed Pin From Net: NetName=AGND Pin=U1K-17
Removed Pin From Net: NetName=+3.3V_A Pin=U1K-18
Removed Pin From Net: NetName=AGND Pin=U1K-19
Removed Pin From Net: NetName=+3.3V_A Pin=U1K-20
Removed Pin From Net: NetName=+3.3V_A Pin=U1K-21
Removed Pin From Net: NetName=SCLK Pin=U1K-22
Removed Pin From Net: NetName=CHIPSELECT Pin=U1K-23
Removed Pin From Net: NetName=MOSI Pin=U1K-24
Removed Pin From Net: NetName=GND Pin=U1K-25
Removed Pin From Net: NetName=+3.3V Pin=U1K-26
Removed Pin From Net: NetName=GND Pin=U1K-33
Removed Pin From Net: NetName=AGND Pin=U1L-17
Removed Pin From Net: NetName=+3.3V_A Pin=U1L-18
Removed Pin From Net: NetName=AGND Pin=U1L-19
Removed Pin From Net: NetName=+3.3V_A Pin=U1L-20
Removed Pin From Net: NetName=+3.3V_A Pin=U1L-21
Removed Pin From Net: NetName=SCLK Pin=U1L-22
Removed Pin From Net: NetName=CHIPSELECT Pin=U1L-23
Removed Pin From Net: NetName=MOSI Pin=U1L-24
Removed Pin From Net: NetName=GND Pin=U1L-25
Removed Pin From Net: NetName=+3.3V Pin=U1L-26
Removed Pin From Net: NetName=GND Pin=U1L-33
Added Component: Designator=BS2(RES_0603)
Added Component: Designator=C1(CAP_0603)
Added Component: Designator=C2(CAP_0603)
Added Component: Designator=C3(CAP_0603)
Added Component: Designator=C4(CAP_0603)
Added Component: Designator=C5(CAP_0603)
Added Component: Designator=R43(RES_0603)
Added Component: Designator=U1(32-TQFN-EP (5x5))
Added Pin To Net: NetName=GND Pin=BS2-1
Added Pin To Net: NetName=AGND Pin=BS2-2
Added Pin To Net: NetName=+3.3V Pin=C1-1
Added Pin To Net: NetName=GND Pin=C1-2
Added Pin To Net: NetName=+3.3V Pin=C2-1
Added Pin To Net: NetName=GND Pin=C2-2
Added Pin To Net: NetName=+3.3V_A Pin=C3-1
Added Pin To Net: NetName=AGND Pin=C3-2
Added Pin To Net: NetName=+3.3V_A Pin=C4-1
Added Pin To Net: NetName=AGND Pin=C4-2
Added Pin To Net: NetName=+3.3V_A Pin=C5-1
Added Pin To Net: NetName=AGND Pin=C5-2
Added Pin To Net: NetName=ADC_2_P2 Pin=U1-15
Added Pin To Net: NetName=ADC_2_N1 Pin=U1-16
Added Pin To Net: NetName=AGND Pin=U1-17
Added Pin To Net: NetName=+3.3V_A Pin=U1-18
Added Pin To Net: NetName=AGND Pin=U1-19
Added Pin To Net: NetName=+3.3V_A Pin=U1-20
Added Pin To Net: NetName=+3.3V_A Pin=U1-21
Added Pin To Net: NetName=SCLK Pin=U1-22
Added Pin To Net: NetName=CHIPSELECT Pin=U1-23
Added Pin To Net: NetName=MOSI Pin=U1-24
Added Pin To Net: NetName=GND Pin=U1-25
Added Pin To Net: NetName=+3.3V Pin=U1-26
Added Pin To Net: NetName=GND Pin=U1-33
Change Net Name : Old Net Name=ADC_2_N1 New Net Name=ADC_2_N
Change Net Name : Old Net Name=ADC_2_P2 New Net Name=ADC_2_P
Added Pin To Net: NetName=ADC_1_N Pin=U1-10
Added Net: Name=ADC_1_N
Added Pin To Net: NetName=ADC_1_P Pin=U1-9
Added Net: Name=ADC_1_P
Added Pin To Net: NetName=ADC_3_N Pin=U1-6
Added Net: Name=ADC_3_N
Added Pin To Net: NetName=ADC_3_P Pin=U1-5
Added Net: Name=ADC_3_P
Added Pin To Net: NetName=ADC_4_N Pin=U1-8
Added Net: Name=ADC_4_N
Added Pin To Net: NetName=ADC_4_P Pin=U1-7
Added Net: Name=ADC_4_P
Added Pin To Net: NetName=ADC_5_N Pin=U1-2
Added Net: Name=ADC_5_N
Added Pin To Net: NetName=ADC_5_P Pin=U1-1
Added Net: Name=ADC_5_P
Added Pin To Net: NetName=ADC_6_N Pin=U1-4
Added Net: Name=ADC_6_N
Added Pin To Net: NetName=ADC_6_P Pin=U1-3
Added Net: Name=ADC_6_P
Added Pin To Net: NetName=ADC_7_N Pin=U1-30
Added Net: Name=ADC_7_N
Added Pin To Net: NetName=ADC_7_P Pin=U1-29
Added Net: Name=ADC_7_P
Added Pin To Net: NetName=ADC_8_N Pin=U1-32
Added Net: Name=ADC_8_N
Added Pin To Net: NetName=ADC_8_P Pin=U1-31
Added Net: Name=ADC_8_P
Added Pin To Net: NetName=EOC Pin=U1-28
Added Net: Name=EOC
Added Pin To Net: NetName=MISO Pin=R43-1
Added Net: Name=MISO
Added Pin To Net: NetName=NetR43_2 Pin=R43-2
Added Pin To Net: NetName=NetR43_2 Pin=U1-27
Added Net: Name=NetR43_2
Added Pin To Net: NetName=NetU1_11 Pin=U1-11
Added Pin To Net: NetName=NetU1_11 Pin=U1-13
Added Net: Name=NetU1_11
Added Pin To Net: NetName=NetU1_12 Pin=U1-12
Added Pin To Net: NetName=NetU1_12 Pin=U1-14
Added Net: Name=NetU1_12
Change Class Name : Old Net Name=AnalogSignals New Net Name=Analog Interface
Change Class Name : Old Net Name=CarrierBoard_Interface New Net Name=Interface Connector
Change Class Name : Old Net Name=Power Supply New Net Name=Power supplies
Added Class: Name=ADC Chip
Added Differential Pair: Name=ADC_1
Added Differential Pair: Name=ADC_3
Added Differential Pair: Name=ADC_4
Added Differential Pair: Name=ADC_5
Added Differential Pair: Name=ADC_6
Added Differential Pair: Name=ADC_7
Added Differential Pair: Name=ADC_8
Change Room Name: Old Name=ADC11 New Name=Power supplies
Change Room Scope: Old Scope=InComponentClass('ADC11') New Scope=InComponentClass('Power supplies')
Change Room Name: Old Name=ADC12 New Name=Interface Connector
Change Room Scope: Old Scope=InComponentClass('ADC12') New Scope=InComponentClass('Interface Connector')
Added Room: Name=ADC Chip
Added Room: Name=Analog Interface
