Added Pin To Net: NetName=GND Pin=J1-9
Added Pin To Net: NetName=GND Pin=J1-10
Added Pin To Net: NetName=GND Pin=J1-11
Added Pin To Net: NetName=GND Pin=J1-12
Added Pin To Net: NetName=GND Pin=J1-13
Added Pin To Net: NetName=GND Pin=J1-14
Added Pin To Net: NetName=GND Pin=J1-15
Added Pin To Net: NetName=GND Pin=J1-16
Added Pin To Net: NetName=GND Pin=J1-17
Added Pin To Net: NetName=GND Pin=J1-18
Added Pin To Net: NetName=GND Pin=J1-19
Added Pin To Net: NetName=GND Pin=J1-20
Added Pin To Net: NetName=GND Pin=J1-21
Added Pin To Net: NetName=GND Pin=J1-22
Added Pin To Net: NetName=GND Pin=J1-23
Added Pin To Net: NetName=VIN Pin=J1-24
Added Pin To Net: NetName=VIN Pin=J1-25
Added Pin To Net: NetName=VIN Pin=J1-26
Added Pin To Net: NetName=VIN Pin=J1-27
Added Pin To Net: NetName=GND Pin=J1-28
Added Pin To Net: NetName=GND Pin=J1-29
Added Pin To Net: NetName=GND Pin=J1-30
Added Pin To Net: NetName=GND Pin=J1-31
Added Pin To Net: NetName=GND Pin=J1-32
Added Pin To Net: NetName=GND Pin=J1-33
Added Pin To Net: NetName=GND Pin=J1-34
Added Pin To Net: NetName=GND Pin=J1-35
Added Pin To Net: NetName=GND Pin=J1-36
Added Pin To Net: NetName=GND Pin=J1-37
Added Pin To Net: NetName=GND Pin=J1-38
Added Pin To Net: NetName=GND Pin=J1-39
Added Pin To Net: NetName=GND Pin=J1-40
Added Pin To Net: NetName=GND Pin=J1-41
Added Pin To Net: NetName=GND Pin=J1-42
Added Pin To Net: NetName=GND Pin=J1-75
Added Pin To Net: NetName=GND Pin=J1-76
Added Pin To Net: NetName=VIN Pin=J2-24
Added Pin To Net: NetName=VIN Pin=J2-25
Added Pin To Net: NetName=VIN Pin=J2-26
Added Pin To Net: NetName=VIN Pin=J2-27
Added Pin To Net: NetName=GND Pin=J2-75
Added Pin To Net: NetName=GND Pin=J2-76
Added Pin To Net: NetName=VIN Pin=J3-24
Added Pin To Net: NetName=VIN Pin=J3-25
Added Pin To Net: NetName=VIN Pin=J3-26
Added Pin To Net: NetName=VIN Pin=J3-27
Added Pin To Net: NetName=GND Pin=J3-75
Added Pin To Net: NetName=GND Pin=J3-76
Added Pin To Net: NetName=NetJ2_9 Pin=J2-9
Added Pin To Net: NetName=NetJ2_9 Pin=J2-10
Added Pin To Net: NetName=NetJ2_9 Pin=J2-11
Added Pin To Net: NetName=NetJ2_9 Pin=J2-12
Added Pin To Net: NetName=NetJ2_9 Pin=J2-13
Added Pin To Net: NetName=NetJ2_9 Pin=J2-14
Added Pin To Net: NetName=NetJ2_9 Pin=J2-15
Added Pin To Net: NetName=NetJ2_9 Pin=J2-16
Added Pin To Net: NetName=NetJ2_9 Pin=J2-17
Added Pin To Net: NetName=NetJ2_9 Pin=J2-18
Added Pin To Net: NetName=NetJ2_9 Pin=J2-19
Added Pin To Net: NetName=NetJ2_9 Pin=J2-20
Added Pin To Net: NetName=NetJ2_9 Pin=J2-21
Added Pin To Net: NetName=NetJ2_9 Pin=J2-22
Added Pin To Net: NetName=NetJ2_9 Pin=J2-23
Added Net: Name=NetJ2_9
Added Pin To Net: NetName=NetJ2_28 Pin=J2-28
Added Pin To Net: NetName=NetJ2_28 Pin=J2-29
Added Pin To Net: NetName=NetJ2_28 Pin=J2-30
Added Pin To Net: NetName=NetJ2_28 Pin=J2-31
Added Pin To Net: NetName=NetJ2_28 Pin=J2-32
Added Pin To Net: NetName=NetJ2_28 Pin=J2-33
Added Pin To Net: NetName=NetJ2_28 Pin=J2-34
Added Pin To Net: NetName=NetJ2_28 Pin=J2-35
Added Pin To Net: NetName=NetJ2_28 Pin=J2-36
Added Pin To Net: NetName=NetJ2_28 Pin=J2-37
Added Pin To Net: NetName=NetJ2_28 Pin=J2-38
Added Pin To Net: NetName=NetJ2_28 Pin=J2-39
Added Pin To Net: NetName=NetJ2_28 Pin=J2-40
Added Pin To Net: NetName=NetJ2_28 Pin=J2-41
Added Pin To Net: NetName=NetJ2_28 Pin=J2-42
Added Net: Name=NetJ2_28
Added Pin To Net: NetName=NetJ3_9 Pin=J3-9
Added Pin To Net: NetName=NetJ3_9 Pin=J3-10
Added Pin To Net: NetName=NetJ3_9 Pin=J3-11
Added Pin To Net: NetName=NetJ3_9 Pin=J3-12
Added Pin To Net: NetName=NetJ3_9 Pin=J3-13
Added Pin To Net: NetName=NetJ3_9 Pin=J3-14
Added Pin To Net: NetName=NetJ3_9 Pin=J3-15
Added Pin To Net: NetName=NetJ3_9 Pin=J3-16
Added Pin To Net: NetName=NetJ3_9 Pin=J3-17
Added Pin To Net: NetName=NetJ3_9 Pin=J3-18
Added Pin To Net: NetName=NetJ3_9 Pin=J3-19
Added Pin To Net: NetName=NetJ3_9 Pin=J3-20
Added Pin To Net: NetName=NetJ3_9 Pin=J3-21
Added Pin To Net: NetName=NetJ3_9 Pin=J3-22
Added Pin To Net: NetName=NetJ3_9 Pin=J3-23
Added Net: Name=NetJ3_9
Added Pin To Net: NetName=NetJ3_28 Pin=J3-28
Added Pin To Net: NetName=NetJ3_28 Pin=J3-29
Added Pin To Net: NetName=NetJ3_28 Pin=J3-30
Added Pin To Net: NetName=NetJ3_28 Pin=J3-31
Added Pin To Net: NetName=NetJ3_28 Pin=J3-32
Added Pin To Net: NetName=NetJ3_28 Pin=J3-33
Added Pin To Net: NetName=NetJ3_28 Pin=J3-34
Added Pin To Net: NetName=NetJ3_28 Pin=J3-35
Added Pin To Net: NetName=NetJ3_28 Pin=J3-36
Added Pin To Net: NetName=NetJ3_28 Pin=J3-37
Added Pin To Net: NetName=NetJ3_28 Pin=J3-38
Added Pin To Net: NetName=NetJ3_28 Pin=J3-39
Added Pin To Net: NetName=NetJ3_28 Pin=J3-40
Added Pin To Net: NetName=NetJ3_28 Pin=J3-41
Added Pin To Net: NetName=NetJ3_28 Pin=J3-42
Added Net: Name=NetJ3_28
Added Class: Name=AnalogSignals
Added Room: Name=AnalogSignals
