Removed Pin From Net: NetName=ANL_RES_01 Pin=TP22-1
Removed Pin From Net: NetName=ANL_RES_02 Pin=TP23-1
Removed Pin From Net: NetName=ANL_RES_03 Pin=TP24-1
Removed Pin From Net: NetName=ANL_RES_04 Pin=TP25-1
Removed Pin From Net: NetName=ANL_RES_05 Pin=TP26-1
Removed Pin From Net: NetName=ANL_RES_06 Pin=TP27-1
Removed Pin From Net: NetName=ANL_RES_07 Pin=TP28-1
Removed Pin From Net: NetName=ANL_RES_08 Pin=TP29-1
Removed Pin From Net: NetName=ANL_RES_09 Pin=TP30-1
Removed Pin From Net: NetName=ANL_RES_10 Pin=TP31-1
Removed Pin From Net: NetName=ANL_RES_11 Pin=TP32-1
Removed Pin From Net: NetName=ANL_RES_12 Pin=TP33-1
Added Pin To Net: NetName=MISO1 Pin=X2-17
Added Pin To Net: NetName=MISO2 Pin=X2-18
Added Pin To Net: NetName=MISO3 Pin=X2-19
Added Pin To Net: NetName=MISO4 Pin=X2-20
Added Pin To Net: NetName=MISO5 Pin=X2-23
Added Pin To Net: NetName=MISO6 Pin=X2-24
Added Pin To Net: NetName=MISO7 Pin=X2-25
Added Pin To Net: NetName=MISO8 Pin=X2-26
Added Pin To Net: NetName=MISO9 Pin=X2-29
Added Pin To Net: NetName=MISO10 Pin=X2-30
Added Pin To Net: NetName=MISO11 Pin=X2-31
Added Pin To Net: NetName=MISO12 Pin=X2-32
Added Pin To Net: NetName=MOSI Pin=X2-47
Added Pin To Net: NetName=SCLK Pin=X2-48
Added Pin To Net: NetName=CHIPSELECT Pin=X2-53
