Removed Pin From Net: NetName=ADC_2_P2 Pin=U1B-15
Removed Pin From Net: NetName=ADC_2_N2 Pin=U1B-16
Added Pin To Net: NetName=ADC_2_N2 Pin=U1B-15
Added Pin To Net: NetName=ADC_2_P2 Pin=U1B-16
Change Net Name : Old Net Name=ADC_2_N1 New Net Name=ADC_2_P1
Change Net Name : Old Net Name=ADC_2_N3 New Net Name=ADC_2_P3
Change Net Name : Old Net Name=ADC_2_N4 New Net Name=ADC_2_P4
Change Net Name : Old Net Name=ADC_2_N5 New Net Name=ADC_2_P5
Change Net Name : Old Net Name=ADC_2_N6 New Net Name=ADC_2_P6
Change Net Name : Old Net Name=ADC_2_N7 New Net Name=ADC_2_P7
Change Net Name : Old Net Name=ADC_2_N8 New Net Name=ADC_2_P8
Change Net Name : Old Net Name=ADC_2_N9 New Net Name=ADC_2_P9
Change Net Name : Old Net Name=ADC_2_N10 New Net Name=ADC_2_P10
Change Net Name : Old Net Name=ADC_2_N11 New Net Name=ADC_2_P11
Change Net Name : Old Net Name=ADC_2_N12 New Net Name=ADC_2_P12
Change Net Name : Old Net Name=ADC_2_P1 New Net Name=ADC_2_N1
Change Net Name : Old Net Name=ADC_2_P3 New Net Name=ADC_2_N3
Change Net Name : Old Net Name=ADC_2_P4 New Net Name=ADC_2_N4
Change Net Name : Old Net Name=ADC_2_P5 New Net Name=ADC_2_N5
Change Net Name : Old Net Name=ADC_2_P6 New Net Name=ADC_2_N6
Change Net Name : Old Net Name=ADC_2_P7 New Net Name=ADC_2_N7
Change Net Name : Old Net Name=ADC_2_P8 New Net Name=ADC_2_N8
Change Net Name : Old Net Name=ADC_2_P9 New Net Name=ADC_2_N9
Change Net Name : Old Net Name=ADC_2_P10 New Net Name=ADC_2_N10
Change Net Name : Old Net Name=ADC_2_P11 New Net Name=ADC_2_N11
Change Net Name : Old Net Name=ADC_2_P12 New Net Name=ADC_2_N12
