Removed Pin From Net: NetName=GND Pin=BS1-1
Removed Pin From Net: NetName=GND Pin=BS2A-1
Removed Pin From Net: NetName=AGND Pin=BS2A-2
Removed Pin From Net: NetName=GND Pin=BS2B-1
Removed Pin From Net: NetName=AGND Pin=BS2B-2
Removed Pin From Net: NetName=GND Pin=BS2C-1
Removed Pin From Net: NetName=AGND Pin=BS2C-2
Removed Pin From Net: NetName=GND Pin=BS2D-1
Removed Pin From Net: NetName=GND Pin=BS2E-1
Removed Pin From Net: NetName=AGND Pin=BS2E-2
Removed Pin From Net: NetName=GND Pin=BS2F-1
Removed Pin From Net: NetName=AGND Pin=BS2F-2
Removed Pin From Net: NetName=GND Pin=BS2G-1
Removed Pin From Net: NetName=AGND Pin=BS2G-2
Removed Pin From Net: NetName=GND Pin=BS2H-1
Removed Pin From Net: NetName=AGND Pin=BS2H-2
Removed Pin From Net: NetName=GND Pin=BS2I-1
Removed Pin From Net: NetName=AGND Pin=BS2I-2
Removed Pin From Net: NetName=GND Pin=BS2J-1
Removed Pin From Net: NetName=AGND Pin=BS2J-2
Removed Pin From Net: NetName=GND Pin=BS2K-1
Removed Pin From Net: NetName=AGND Pin=BS2K-2
Removed Pin From Net: NetName=GND Pin=BS2L-1
Removed Pin From Net: NetName=AGND Pin=BS2L-2
Removed Pin From Net: NetName=AGND Pin=BS3-1
Removed Pin From Net: NetName=+3.3V Pin=C1A-1
Removed Pin From Net: NetName=GND Pin=C1A-2
Removed Pin From Net: NetName=+3.3V Pin=C1B-1
Removed Pin From Net: NetName=GND Pin=C1B-2
Removed Pin From Net: NetName=+3.3V Pin=C1C-1
Removed Pin From Net: NetName=GND Pin=C1C-2
Removed Pin From Net: NetName=+3.3V Pin=C1D-1
Removed Pin From Net: NetName=GND Pin=C1D-2
Removed Pin From Net: NetName=+3.3V Pin=C1E-1
Removed Pin From Net: NetName=GND Pin=C1E-2
Removed Pin From Net: NetName=+3.3V Pin=C1F-1
Removed Pin From Net: NetName=GND Pin=C1F-2
Removed Pin From Net: NetName=+3.3V Pin=C1G-1
Removed Pin From Net: NetName=GND Pin=C1G-2
Removed Pin From Net: NetName=+3.3V Pin=C1H-1
Removed Pin From Net: NetName=GND Pin=C1H-2
Removed Pin From Net: NetName=+3.3V Pin=C1I-1
Removed Pin From Net: NetName=GND Pin=C1I-2
Removed Pin From Net: NetName=+3.3V Pin=C1J-1
Removed Pin From Net: NetName=GND Pin=C1J-2
Removed Pin From Net: NetName=+3.3V Pin=C1K-1
Removed Pin From Net: NetName=GND Pin=C1K-2
Removed Pin From Net: NetName=+3.3V Pin=C1L-1
Removed Pin From Net: NetName=GND Pin=C1L-2
Removed Pin From Net: NetName=+3.3V Pin=C2A-1
Removed Pin From Net: NetName=GND Pin=C2A-2
Removed Pin From Net: NetName=+3.3V Pin=C2B-1
Removed Pin From Net: NetName=GND Pin=C2B-2
Removed Pin From Net: NetName=+3.3V Pin=C2C-1
Removed Pin From Net: NetName=GND Pin=C2C-2
Removed Pin From Net: NetName=+3.3V Pin=C2D-1
Removed Pin From Net: NetName=GND Pin=C2D-2
Removed Pin From Net: NetName=+3.3V Pin=C2E-1
Removed Pin From Net: NetName=GND Pin=C2E-2
Removed Pin From Net: NetName=+3.3V Pin=C2F-1
Removed Pin From Net: NetName=GND Pin=C2F-2
Removed Pin From Net: NetName=+3.3V Pin=C2G-1
Removed Pin From Net: NetName=GND Pin=C2G-2
Removed Pin From Net: NetName=+3.3V Pin=C2H-1
Removed Pin From Net: NetName=GND Pin=C2H-2
Removed Pin From Net: NetName=+3.3V Pin=C2I-1
Removed Pin From Net: NetName=GND Pin=C2I-2
Removed Pin From Net: NetName=+3.3V Pin=C2J-1
Removed Pin From Net: NetName=GND Pin=C2J-2
Removed Pin From Net: NetName=+3.3V Pin=C2K-1
Removed Pin From Net: NetName=GND Pin=C2K-2
Removed Pin From Net: NetName=+3.3V Pin=C2L-1
Removed Pin From Net: NetName=GND Pin=C2L-2
Removed Pin From Net: NetName=+3.3V_A Pin=C3A-1
Removed Pin From Net: NetName=AGND Pin=C3A-2
Removed Pin From Net: NetName=+3.3V_A Pin=C3B-1
Removed Pin From Net: NetName=AGND Pin=C3B-2
Removed Pin From Net: NetName=+3.3V_A Pin=C3C-1
Removed Pin From Net: NetName=AGND Pin=C3C-2
Removed Pin From Net: NetName=+3.3V_A Pin=C3D-1
Removed Pin From Net: NetName=+3.3V_A Pin=C3E-1
Removed Pin From Net: NetName=AGND Pin=C3E-2
Removed Pin From Net: NetName=+3.3V_A Pin=C3F-1
Removed Pin From Net: NetName=AGND Pin=C3F-2
Removed Pin From Net: NetName=+3.3V_A Pin=C3G-1
Removed Pin From Net: NetName=AGND Pin=C3G-2
Removed Pin From Net: NetName=+3.3V_A Pin=C3H-1
Removed Pin From Net: NetName=AGND Pin=C3H-2
Removed Pin From Net: NetName=AGND Pin=C3I-2
Removed Pin From Net: NetName=+3.3V_A Pin=C3J-1
Removed Pin From Net: NetName=AGND Pin=C3J-2
Removed Pin From Net: NetName=+3.3V_A Pin=C3K-1
Removed Pin From Net: NetName=AGND Pin=C3K-2
Removed Pin From Net: NetName=+3.3V_A Pin=C3L-1
Removed Pin From Net: NetName=AGND Pin=C3L-2
Removed Pin From Net: NetName=+3.3V_A Pin=C4A-1
Removed Pin From Net: NetName=AGND Pin=C4A-2
Removed Pin From Net: NetName=+3.3V_A Pin=C4B-1
Removed Pin From Net: NetName=AGND Pin=C4B-2
Removed Pin From Net: NetName=+3.3V_A Pin=C4C-1
Removed Pin From Net: NetName=AGND Pin=C4C-2
Removed Pin From Net: NetName=+3.3V_A Pin=C4D-1
Removed Pin From Net: NetName=+3.3V_A Pin=C4E-1
Removed Pin From Net: NetName=AGND Pin=C4E-2
Removed Pin From Net: NetName=+3.3V_A Pin=C4F-1
Removed Pin From Net: NetName=AGND Pin=C4F-2
Removed Pin From Net: NetName=+3.3V_A Pin=C4G-1
Removed Pin From Net: NetName=AGND Pin=C4G-2
Removed Pin From Net: NetName=+3.3V_A Pin=C4H-1
Removed Pin From Net: NetName=AGND Pin=C4H-2
Removed Pin From Net: NetName=AGND Pin=C4I-2
Removed Pin From Net: NetName=+3.3V_A Pin=C4J-1
Removed Pin From Net: NetName=AGND Pin=C4J-2
Removed Pin From Net: NetName=+3.3V_A Pin=C4K-1
Removed Pin From Net: NetName=AGND Pin=C4K-2
Removed Pin From Net: NetName=+3.3V_A Pin=C4L-1
Removed Pin From Net: NetName=AGND Pin=C4L-2
Removed Pin From Net: NetName=+3.3V_A Pin=C5A-1
Removed Pin From Net: NetName=AGND Pin=C5A-2
Removed Pin From Net: NetName=+3.3V_A Pin=C5B-1
Removed Pin From Net: NetName=AGND Pin=C5B-2
Removed Pin From Net: NetName=+3.3V_A Pin=C5C-1
Removed Pin From Net: NetName=AGND Pin=C5C-2
Removed Pin From Net: NetName=+3.3V_A Pin=C5D-1
Removed Pin From Net: NetName=+3.3V_A Pin=C5E-1
Removed Pin From Net: NetName=AGND Pin=C5E-2
Removed Pin From Net: NetName=+3.3V_A Pin=C5F-1
Removed Pin From Net: NetName=AGND Pin=C5F-2
Removed Pin From Net: NetName=+3.3V_A Pin=C5G-1
Removed Pin From Net: NetName=AGND Pin=C5G-2
Removed Pin From Net: NetName=+3.3V_A Pin=C5H-1
Removed Pin From Net: NetName=AGND Pin=C5H-2
Removed Pin From Net: NetName=AGND Pin=C5I-2
Removed Pin From Net: NetName=+3.3V_A Pin=C5J-1
Removed Pin From Net: NetName=AGND Pin=C5J-2
Removed Pin From Net: NetName=+3.3V_A Pin=C5K-1
Removed Pin From Net: NetName=AGND Pin=C5K-2
Removed Pin From Net: NetName=+3.3V_A Pin=C5L-1
Removed Pin From Net: NetName=AGND Pin=C5L-2
Removed Pin From Net: NetName=VIN Pin=C6-1
Removed Pin From Net: NetName=GND Pin=C6-2
Removed Pin From Net: NetName=+3.3V_A Pin=C7-1
Removed Pin From Net: NetName=AGND Pin=C7-2
Removed Pin From Net: NetName=+3.3V Pin=D10-1
Removed Pin From Net: NetName=+3.3V_A Pin=D11-1
Removed Pin From Net: NetName=VIN Pin=DC1-1
Removed Pin From Net: NetName=+3.3V_A Pin=DC1-3
Removed Pin From Net: NetName=GND Pin=R3-2
Removed Pin From Net: NetName=GND Pin=R4-2
Removed Pin From Net: NetName=GND Pin=R15-2
Removed Pin From Net: NetName=AGND Pin=U1A-17
Removed Pin From Net: NetName=+3.3V_A Pin=U1A-18
Removed Pin From Net: NetName=AGND Pin=U1A-19
Removed Pin From Net: NetName=+3.3V_A Pin=U1A-20
Removed Pin From Net: NetName=+3.3V_A Pin=U1A-21
Removed Pin From Net: NetName=GND Pin=U1A-25
Removed Pin From Net: NetName=+3.3V Pin=U1A-26
Removed Pin From Net: NetName=GND Pin=U1A-33
Removed Pin From Net: NetName=AGND Pin=U1B-17
Removed Pin From Net: NetName=+3.3V_A Pin=U1B-18
Removed Pin From Net: NetName=AGND Pin=U1B-19
Removed Pin From Net: NetName=+3.3V_A Pin=U1B-20
Removed Pin From Net: NetName=+3.3V_A Pin=U1B-21
Removed Pin From Net: NetName=GND Pin=U1B-25
Removed Pin From Net: NetName=+3.3V Pin=U1B-26
Removed Pin From Net: NetName=GND Pin=U1B-33
Removed Pin From Net: NetName=AGND Pin=U1C-17
Removed Pin From Net: NetName=+3.3V_A Pin=U1C-18
Removed Pin From Net: NetName=AGND Pin=U1C-19
Removed Pin From Net: NetName=+3.3V_A Pin=U1C-20
Removed Pin From Net: NetName=+3.3V_A Pin=U1C-21
Removed Pin From Net: NetName=GND Pin=U1C-25
Removed Pin From Net: NetName=+3.3V Pin=U1C-26
Removed Pin From Net: NetName=GND Pin=U1C-33
Removed Pin From Net: NetName=+3.3V_A Pin=U1D-18
Removed Pin From Net: NetName=+3.3V_A Pin=U1D-20
Removed Pin From Net: NetName=+3.3V_A Pin=U1D-21
Removed Pin From Net: NetName=GND Pin=U1D-25
Removed Pin From Net: NetName=+3.3V Pin=U1D-26
Removed Pin From Net: NetName=GND Pin=U1D-33
Removed Pin From Net: NetName=AGND Pin=U1E-17
Removed Pin From Net: NetName=+3.3V_A Pin=U1E-18
Removed Pin From Net: NetName=AGND Pin=U1E-19
Removed Pin From Net: NetName=+3.3V_A Pin=U1E-20
Removed Pin From Net: NetName=+3.3V_A Pin=U1E-21
Removed Pin From Net: NetName=GND Pin=U1E-25
Removed Pin From Net: NetName=+3.3V Pin=U1E-26
Removed Pin From Net: NetName=GND Pin=U1E-33
Removed Pin From Net: NetName=AGND Pin=U1F-17
Removed Pin From Net: NetName=+3.3V_A Pin=U1F-18
Removed Pin From Net: NetName=AGND Pin=U1F-19
Removed Pin From Net: NetName=+3.3V_A Pin=U1F-20
Removed Pin From Net: NetName=+3.3V_A Pin=U1F-21
Removed Pin From Net: NetName=GND Pin=U1F-25
Removed Pin From Net: NetName=+3.3V Pin=U1F-26
Removed Pin From Net: NetName=GND Pin=U1F-33
Removed Pin From Net: NetName=AGND Pin=U1G-17
Removed Pin From Net: NetName=+3.3V_A Pin=U1G-18
Removed Pin From Net: NetName=AGND Pin=U1G-19
Removed Pin From Net: NetName=+3.3V_A Pin=U1G-20
Removed Pin From Net: NetName=+3.3V_A Pin=U1G-21
Removed Pin From Net: NetName=GND Pin=U1G-25
Removed Pin From Net: NetName=+3.3V Pin=U1G-26
Removed Pin From Net: NetName=GND Pin=U1G-33
Removed Pin From Net: NetName=AGND Pin=U1H-17
Removed Pin From Net: NetName=+3.3V_A Pin=U1H-18
Removed Pin From Net: NetName=AGND Pin=U1H-19
Removed Pin From Net: NetName=+3.3V_A Pin=U1H-20
Removed Pin From Net: NetName=+3.3V_A Pin=U1H-21
Removed Pin From Net: NetName=GND Pin=U1H-25
Removed Pin From Net: NetName=+3.3V Pin=U1H-26
Removed Pin From Net: NetName=GND Pin=U1H-33
Removed Pin From Net: NetName=AGND Pin=U1I-17
Removed Pin From Net: NetName=AGND Pin=U1I-19
Removed Pin From Net: NetName=GND Pin=U1I-25
Removed Pin From Net: NetName=+3.3V Pin=U1I-26
Removed Pin From Net: NetName=GND Pin=U1I-33
Removed Pin From Net: NetName=AGND Pin=U1J-17
Removed Pin From Net: NetName=+3.3V_A Pin=U1J-18
Removed Pin From Net: NetName=AGND Pin=U1J-19
Removed Pin From Net: NetName=+3.3V_A Pin=U1J-20
Removed Pin From Net: NetName=+3.3V_A Pin=U1J-21
Removed Pin From Net: NetName=GND Pin=U1J-25
Removed Pin From Net: NetName=+3.3V Pin=U1J-26
Removed Pin From Net: NetName=GND Pin=U1J-33
Removed Pin From Net: NetName=AGND Pin=U1K-17
Removed Pin From Net: NetName=+3.3V_A Pin=U1K-18
Removed Pin From Net: NetName=AGND Pin=U1K-19
Removed Pin From Net: NetName=+3.3V_A Pin=U1K-20
Removed Pin From Net: NetName=+3.3V_A Pin=U1K-21
Removed Pin From Net: NetName=GND Pin=U1K-25
Removed Pin From Net: NetName=+3.3V Pin=U1K-26
Removed Pin From Net: NetName=GND Pin=U1K-33
Removed Pin From Net: NetName=AGND Pin=U1L-17
Removed Pin From Net: NetName=+3.3V_A Pin=U1L-18
Removed Pin From Net: NetName=AGND Pin=U1L-19
Removed Pin From Net: NetName=+3.3V_A Pin=U1L-20
Removed Pin From Net: NetName=+3.3V_A Pin=U1L-21
Removed Pin From Net: NetName=GND Pin=U1L-25
Removed Pin From Net: NetName=+3.3V Pin=U1L-26
Removed Pin From Net: NetName=GND Pin=U1L-33
Removed Pin From Net: NetName=GND Pin=X2-1
Removed Pin From Net: NetName=GND Pin=X2-2
Removed Pin From Net: NetName=GND Pin=X2-3
Removed Pin From Net: NetName=GND Pin=X2-4
Removed Pin From Net: NetName=VIN Pin=X2-5
Removed Pin From Net: NetName=VIN Pin=X2-6
Removed Pin From Net: NetName=GND Pin=X2-7
Removed Pin From Net: NetName=GND Pin=X2-8
Removed Pin From Net: NetName=GND Pin=X2-11
Removed Pin From Net: NetName=GND Pin=X2-12
Removed Pin From Net: NetName=GND Pin=X2-15
Removed Pin From Net: NetName=GND Pin=X2-16
Removed Pin From Net: NetName=GND Pin=X2-21
Removed Pin From Net: NetName=GND Pin=X2-22
Removed Pin From Net: NetName=GND Pin=X2-27
Removed Pin From Net: NetName=GND Pin=X2-28
Removed Pin From Net: NetName=GND Pin=X2-33
Removed Pin From Net: NetName=GND Pin=X2-34
Removed Pin From Net: NetName=GND Pin=X2-39
Removed Pin From Net: NetName=GND Pin=X2-40
Removed Pin From Net: NetName=GND Pin=X2-45
Removed Pin From Net: NetName=GND Pin=X2-46
Removed Pin From Net: NetName=GND Pin=X2-51
Removed Pin From Net: NetName=GND Pin=X2-52
Removed Pin From Net: NetName=GND Pin=X2-57
Removed Pin From Net: NetName=GND Pin=X2-58
Removed Pin From Net: NetName=GND Pin=X2-63
Removed Pin From Net: NetName=GND Pin=X2-64
Removed Pin From Net: NetName=GND Pin=X2-69
Removed Pin From Net: NetName=GND Pin=X2-70
Removed Pin From Net: NetName=GND Pin=X2-75
Removed Pin From Net: NetName=GND Pin=X2-76
Removed Member From Class: ClassName=ADC1_Nets Member=+3.3V_A
Removed Member From Class: ClassName=ADC2_Nets Member=+3.3V_A
Removed Member From Class: ClassName=ADC3_Nets Member=+3.3V_A
Removed Member From Class: ClassName=ADC4_Nets Member=+3.3V_A
Removed Member From Class: ClassName=ADC5_Nets Member=+3.3V_A
Removed Member From Class: ClassName=ADC6_Nets Member=+3.3V_A
Removed Member From Class: ClassName=ADC7_Nets Member=+3.3V_A
Removed Member From Class: ClassName=ADC8_Nets Member=+3.3V_A
Removed Member From Class: ClassName=ADC9_Nets Member=+3.3V_A
Removed Member From Class: ClassName=ADC10_Nets Member=+3.3V_A
Removed Member From Class: ClassName=ADC11_Nets Member=+3.3V_A
Removed Member From Class: ClassName=ADC12_Nets Member=+3.3V_A
Removed Member From Class: ClassName=C3A_Nets Member=+3.3V_A
Removed Member From Class: ClassName=C3B_Nets Member=+3.3V_A
Removed Member From Class: ClassName=C3C_Nets Member=+3.3V_A
Removed Member From Class: ClassName=C3D_Nets Member=+3.3V_A
Removed Member From Class: ClassName=C3E_Nets Member=+3.3V_A
Removed Member From Class: ClassName=C3F_Nets Member=+3.3V_A
Removed Member From Class: ClassName=C3G_Nets Member=+3.3V_A
Removed Member From Class: ClassName=C3H_Nets Member=+3.3V_A
Removed Member From Class: ClassName=C3I_Nets Member=+3.3V_A
Removed Member From Class: ClassName=C3J_Nets Member=+3.3V_A
Removed Member From Class: ClassName=C3K_Nets Member=+3.3V_A
Removed Member From Class: ClassName=C3L_Nets Member=+3.3V_A
Removed Member From Class: ClassName=C4A_Nets Member=+3.3V_A
Removed Member From Class: ClassName=C4B_Nets Member=+3.3V_A
Removed Member From Class: ClassName=C4C_Nets Member=+3.3V_A
Removed Member From Class: ClassName=C4D_Nets Member=+3.3V_A
Removed Member From Class: ClassName=C4E_Nets Member=+3.3V_A
Removed Member From Class: ClassName=C4F_Nets Member=+3.3V_A
Removed Member From Class: ClassName=C4G_Nets Member=+3.3V_A
Removed Member From Class: ClassName=C4H_Nets Member=+3.3V_A
Removed Member From Class: ClassName=C4I_Nets Member=+3.3V_A
Removed Member From Class: ClassName=C4J_Nets Member=+3.3V_A
Removed Member From Class: ClassName=C4K_Nets Member=+3.3V_A
Removed Member From Class: ClassName=C4L_Nets Member=+3.3V_A
Removed Member From Class: ClassName=C5A_Nets Member=+3.3V_A
Removed Member From Class: ClassName=C5B_Nets Member=+3.3V_A
Removed Member From Class: ClassName=C5C_Nets Member=+3.3V_A
Removed Member From Class: ClassName=C5D_Nets Member=+3.3V_A
Removed Member From Class: ClassName=C5E_Nets Member=+3.3V_A
Removed Member From Class: ClassName=C5F_Nets Member=+3.3V_A
Removed Member From Class: ClassName=C5G_Nets Member=+3.3V_A
Removed Member From Class: ClassName=C5H_Nets Member=+3.3V_A
Removed Member From Class: ClassName=C5I_Nets Member=+3.3V_A
Removed Member From Class: ClassName=C5J_Nets Member=+3.3V_A
Removed Member From Class: ClassName=C5K_Nets Member=+3.3V_A
Removed Member From Class: ClassName=C5L_Nets Member=+3.3V_A
Removed Member From Class: ClassName=U1A_Nets Member=+3.3V_A
Removed Member From Class: ClassName=U1B_Nets Member=+3.3V_A
Removed Member From Class: ClassName=U1C_Nets Member=+3.3V_A
Removed Member From Class: ClassName=U1D_Nets Member=+3.3V_A
Removed Member From Class: ClassName=U1E_Nets Member=+3.3V_A
Removed Member From Class: ClassName=U1F_Nets Member=+3.3V_A
Removed Member From Class: ClassName=U1G_Nets Member=+3.3V_A
Removed Member From Class: ClassName=U1H_Nets Member=+3.3V_A
Removed Member From Class: ClassName=U1I_Nets Member=+3.3V_A
Removed Member From Class: ClassName=U1J_Nets Member=+3.3V_A
Removed Member From Class: ClassName=U1K_Nets Member=+3.3V_A
Removed Member From Class: ClassName=U1L_Nets Member=+3.3V_A
Removed Member From Class: ClassName=ADC1_Nets Member=+3.3V
Removed Member From Class: ClassName=ADC2_Nets Member=+3.3V
Removed Member From Class: ClassName=ADC3_Nets Member=+3.3V
Removed Member From Class: ClassName=ADC4_Nets Member=+3.3V
Removed Member From Class: ClassName=ADC5_Nets Member=+3.3V
Removed Member From Class: ClassName=ADC6_Nets Member=+3.3V
Removed Member From Class: ClassName=ADC7_Nets Member=+3.3V
Removed Member From Class: ClassName=ADC8_Nets Member=+3.3V
Removed Member From Class: ClassName=ADC9_Nets Member=+3.3V
Removed Member From Class: ClassName=ADC10_Nets Member=+3.3V
Removed Member From Class: ClassName=ADC11_Nets Member=+3.3V
Removed Member From Class: ClassName=ADC12_Nets Member=+3.3V
Removed Member From Class: ClassName=C1A_Nets Member=+3.3V
Removed Member From Class: ClassName=C1B_Nets Member=+3.3V
Removed Member From Class: ClassName=C1C_Nets Member=+3.3V
Removed Member From Class: ClassName=C1D_Nets Member=+3.3V
Removed Member From Class: ClassName=C1E_Nets Member=+3.3V
Removed Member From Class: ClassName=C1F_Nets Member=+3.3V
Removed Member From Class: ClassName=C1G_Nets Member=+3.3V
Removed Member From Class: ClassName=C1H_Nets Member=+3.3V
Removed Member From Class: ClassName=C1I_Nets Member=+3.3V
Removed Member From Class: ClassName=C1J_Nets Member=+3.3V
Removed Member From Class: ClassName=C1K_Nets Member=+3.3V
Removed Member From Class: ClassName=C1L_Nets Member=+3.3V
Removed Member From Class: ClassName=C2A_Nets Member=+3.3V
Removed Member From Class: ClassName=C2B_Nets Member=+3.3V
Removed Member From Class: ClassName=C2C_Nets Member=+3.3V
Removed Member From Class: ClassName=C2D_Nets Member=+3.3V
Removed Member From Class: ClassName=C2E_Nets Member=+3.3V
Removed Member From Class: ClassName=C2F_Nets Member=+3.3V
Removed Member From Class: ClassName=C2G_Nets Member=+3.3V
Removed Member From Class: ClassName=C2H_Nets Member=+3.3V
Removed Member From Class: ClassName=C2I_Nets Member=+3.3V
Removed Member From Class: ClassName=C2J_Nets Member=+3.3V
Removed Member From Class: ClassName=C2K_Nets Member=+3.3V
Removed Member From Class: ClassName=C2L_Nets Member=+3.3V
Removed Member From Class: ClassName=U1A_Nets Member=+3.3V
Removed Member From Class: ClassName=U1B_Nets Member=+3.3V
Removed Member From Class: ClassName=U1C_Nets Member=+3.3V
Removed Member From Class: ClassName=U1D_Nets Member=+3.3V
Removed Member From Class: ClassName=U1E_Nets Member=+3.3V
Removed Member From Class: ClassName=U1F_Nets Member=+3.3V
Removed Member From Class: ClassName=U1G_Nets Member=+3.3V
Removed Member From Class: ClassName=U1H_Nets Member=+3.3V
Removed Member From Class: ClassName=U1I_Nets Member=+3.3V
Removed Member From Class: ClassName=U1J_Nets Member=+3.3V
Removed Member From Class: ClassName=U1K_Nets Member=+3.3V
Removed Member From Class: ClassName=U1L_Nets Member=+3.3V
Removed Member From Class: ClassName=ADC1_Nets Member=AGND
Removed Member From Class: ClassName=ADC2_Nets Member=AGND
Removed Member From Class: ClassName=ADC3_Nets Member=AGND
Removed Member From Class: ClassName=ADC4_Nets Member=AGND
Removed Member From Class: ClassName=ADC5_Nets Member=AGND
Removed Member From Class: ClassName=ADC6_Nets Member=AGND
Removed Member From Class: ClassName=ADC7_Nets Member=AGND
Removed Member From Class: ClassName=ADC8_Nets Member=AGND
Removed Member From Class: ClassName=ADC9_Nets Member=AGND
Removed Member From Class: ClassName=ADC10_Nets Member=AGND
Removed Member From Class: ClassName=ADC11_Nets Member=AGND
Removed Member From Class: ClassName=ADC12_Nets Member=AGND
Removed Member From Class: ClassName=BS2A_Nets Member=AGND
Removed Member From Class: ClassName=BS2B_Nets Member=AGND
Removed Member From Class: ClassName=BS2C_Nets Member=AGND
Removed Member From Class: ClassName=BS2D_Nets Member=AGND
Removed Member From Class: ClassName=BS2E_Nets Member=AGND
Removed Member From Class: ClassName=BS2F_Nets Member=AGND
Removed Member From Class: ClassName=BS2G_Nets Member=AGND
Removed Member From Class: ClassName=BS2H_Nets Member=AGND
Removed Member From Class: ClassName=BS2I_Nets Member=AGND
Removed Member From Class: ClassName=BS2J_Nets Member=AGND
Removed Member From Class: ClassName=BS2K_Nets Member=AGND
Removed Member From Class: ClassName=BS2L_Nets Member=AGND
Removed Member From Class: ClassName=C3A_Nets Member=AGND
Removed Member From Class: ClassName=C3B_Nets Member=AGND
Removed Member From Class: ClassName=C3C_Nets Member=AGND
Removed Member From Class: ClassName=C3D_Nets Member=AGND
Removed Member From Class: ClassName=C3E_Nets Member=AGND
Removed Member From Class: ClassName=C3F_Nets Member=AGND
Removed Member From Class: ClassName=C3G_Nets Member=AGND
Removed Member From Class: ClassName=C3H_Nets Member=AGND
Removed Member From Class: ClassName=C3I_Nets Member=AGND
Removed Member From Class: ClassName=C3J_Nets Member=AGND
Removed Member From Class: ClassName=C3K_Nets Member=AGND
Removed Member From Class: ClassName=C3L_Nets Member=AGND
Removed Member From Class: ClassName=C4A_Nets Member=AGND
Removed Member From Class: ClassName=C4B_Nets Member=AGND
Removed Member From Class: ClassName=C4C_Nets Member=AGND
Removed Member From Class: ClassName=C4D_Nets Member=AGND
Removed Member From Class: ClassName=C4E_Nets Member=AGND
Removed Member From Class: ClassName=C4F_Nets Member=AGND
Removed Member From Class: ClassName=C4G_Nets Member=AGND
Removed Member From Class: ClassName=C4H_Nets Member=AGND
Removed Member From Class: ClassName=C4I_Nets Member=AGND
Removed Member From Class: ClassName=C4J_Nets Member=AGND
Removed Member From Class: ClassName=C4K_Nets Member=AGND
Removed Member From Class: ClassName=C4L_Nets Member=AGND
Removed Member From Class: ClassName=C5A_Nets Member=AGND
Removed Member From Class: ClassName=C5B_Nets Member=AGND
Removed Member From Class: ClassName=C5C_Nets Member=AGND
Removed Member From Class: ClassName=C5D_Nets Member=AGND
Removed Member From Class: ClassName=C5E_Nets Member=AGND
Removed Member From Class: ClassName=C5F_Nets Member=AGND
Removed Member From Class: ClassName=C5G_Nets Member=AGND
Removed Member From Class: ClassName=C5H_Nets Member=AGND
Removed Member From Class: ClassName=C5I_Nets Member=AGND
Removed Member From Class: ClassName=C5J_Nets Member=AGND
Removed Member From Class: ClassName=C5K_Nets Member=AGND
Removed Member From Class: ClassName=C5L_Nets Member=AGND
Removed Member From Class: ClassName=U1A_Nets Member=AGND
Removed Member From Class: ClassName=U1B_Nets Member=AGND
Removed Member From Class: ClassName=U1C_Nets Member=AGND
Removed Member From Class: ClassName=U1D_Nets Member=AGND
Removed Member From Class: ClassName=U1E_Nets Member=AGND
Removed Member From Class: ClassName=U1F_Nets Member=AGND
Removed Member From Class: ClassName=U1G_Nets Member=AGND
Removed Member From Class: ClassName=U1H_Nets Member=AGND
Removed Member From Class: ClassName=U1I_Nets Member=AGND
Removed Member From Class: ClassName=U1J_Nets Member=AGND
Removed Member From Class: ClassName=U1K_Nets Member=AGND
Removed Member From Class: ClassName=U1L_Nets Member=AGND
Removed Member From Class: ClassName=ADC1_Nets Member=GND
Removed Member From Class: ClassName=ADC2_Nets Member=GND
Removed Member From Class: ClassName=ADC3_Nets Member=GND
Removed Member From Class: ClassName=ADC4_Nets Member=GND
Removed Member From Class: ClassName=ADC5_Nets Member=GND
Removed Member From Class: ClassName=ADC6_Nets Member=GND
Removed Member From Class: ClassName=ADC7_Nets Member=GND
Removed Member From Class: ClassName=ADC8_Nets Member=GND
Removed Member From Class: ClassName=ADC9_Nets Member=GND
Removed Member From Class: ClassName=ADC10_Nets Member=GND
Removed Member From Class: ClassName=ADC11_Nets Member=GND
Removed Member From Class: ClassName=ADC12_Nets Member=GND
Removed Member From Class: ClassName=BS2A_Nets Member=GND
Removed Member From Class: ClassName=BS2B_Nets Member=GND
Removed Member From Class: ClassName=BS2C_Nets Member=GND
Removed Member From Class: ClassName=BS2D_Nets Member=GND
Removed Member From Class: ClassName=BS2E_Nets Member=GND
Removed Member From Class: ClassName=BS2F_Nets Member=GND
Removed Member From Class: ClassName=BS2G_Nets Member=GND
Removed Member From Class: ClassName=BS2H_Nets Member=GND
Removed Member From Class: ClassName=BS2I_Nets Member=GND
Removed Member From Class: ClassName=BS2J_Nets Member=GND
Removed Member From Class: ClassName=BS2K_Nets Member=GND
Removed Member From Class: ClassName=BS2L_Nets Member=GND
Removed Member From Class: ClassName=C1A_Nets Member=GND
Removed Member From Class: ClassName=C1B_Nets Member=GND
Removed Member From Class: ClassName=C1C_Nets Member=GND
Removed Member From Class: ClassName=C1D_Nets Member=GND
Removed Member From Class: ClassName=C1E_Nets Member=GND
Removed Member From Class: ClassName=C1F_Nets Member=GND
Removed Member From Class: ClassName=C1G_Nets Member=GND
Removed Member From Class: ClassName=C1H_Nets Member=GND
Removed Member From Class: ClassName=C1I_Nets Member=GND
Removed Member From Class: ClassName=C1J_Nets Member=GND
Removed Member From Class: ClassName=C1K_Nets Member=GND
Removed Member From Class: ClassName=C1L_Nets Member=GND
Removed Member From Class: ClassName=C2A_Nets Member=GND
Removed Member From Class: ClassName=C2B_Nets Member=GND
Removed Member From Class: ClassName=C2C_Nets Member=GND
Removed Member From Class: ClassName=C2D_Nets Member=GND
Removed Member From Class: ClassName=C2E_Nets Member=GND
Removed Member From Class: ClassName=C2F_Nets Member=GND
Removed Member From Class: ClassName=C2G_Nets Member=GND
Removed Member From Class: ClassName=C2H_Nets Member=GND
Removed Member From Class: ClassName=C2I_Nets Member=GND
Removed Member From Class: ClassName=C2J_Nets Member=GND
Removed Member From Class: ClassName=C2K_Nets Member=GND
Removed Member From Class: ClassName=C2L_Nets Member=GND
Removed Member From Class: ClassName=U1A_Nets Member=GND
Removed Member From Class: ClassName=U1B_Nets Member=GND
Removed Member From Class: ClassName=U1C_Nets Member=GND
Removed Member From Class: ClassName=U1D_Nets Member=GND
Removed Member From Class: ClassName=U1E_Nets Member=GND
Removed Member From Class: ClassName=U1F_Nets Member=GND
Removed Member From Class: ClassName=U1G_Nets Member=GND
Removed Member From Class: ClassName=U1H_Nets Member=GND
Removed Member From Class: ClassName=U1I_Nets Member=GND
Removed Member From Class: ClassName=U1J_Nets Member=GND
Removed Member From Class: ClassName=U1K_Nets Member=GND
Removed Member From Class: ClassName=U1L_Nets Member=GND
Change Net Name : Old Net Name=+3.3V_A New Net Name=+3.3V_AI
Change Net Name : Old Net Name=AGND New Net Name=AGNDD
Added Pin To Net: NetName=+3.3V_AA Pin=C3A-1
Added Pin To Net: NetName=+3.3V_AA Pin=C4A-1
Added Pin To Net: NetName=+3.3V_AA Pin=C5A-1
Added Pin To Net: NetName=+3.3V_AA Pin=U1A-18
Added Pin To Net: NetName=+3.3V_AA Pin=U1A-20
Added Pin To Net: NetName=+3.3V_AA Pin=U1A-21
Added Net: Name=+3.3V_AA
Added Pin To Net: NetName=+3.3V_AB Pin=C3B-1
Added Pin To Net: NetName=+3.3V_AB Pin=C4B-1
Added Pin To Net: NetName=+3.3V_AB Pin=C5B-1
Added Pin To Net: NetName=+3.3V_AB Pin=U1B-18
Added Pin To Net: NetName=+3.3V_AB Pin=U1B-20
Added Pin To Net: NetName=+3.3V_AB Pin=U1B-21
Added Net: Name=+3.3V_AB
Added Pin To Net: NetName=+3.3V_AC Pin=C3C-1
Added Pin To Net: NetName=+3.3V_AC Pin=C4C-1
Added Pin To Net: NetName=+3.3V_AC Pin=C5C-1
Added Pin To Net: NetName=+3.3V_AC Pin=U1C-18
Added Pin To Net: NetName=+3.3V_AC Pin=U1C-20
Added Pin To Net: NetName=+3.3V_AC Pin=U1C-21
Added Net: Name=+3.3V_AC
Added Pin To Net: NetName=+3.3V_AD Pin=C3D-1
Added Pin To Net: NetName=+3.3V_AD Pin=C4D-1
Added Pin To Net: NetName=+3.3V_AD Pin=C5D-1
Added Pin To Net: NetName=+3.3V_AD Pin=U1D-18
Added Pin To Net: NetName=+3.3V_AD Pin=U1D-20
Added Pin To Net: NetName=+3.3V_AD Pin=U1D-21
Added Net: Name=+3.3V_AD
Added Pin To Net: NetName=+3.3V_AE Pin=C3E-1
Added Pin To Net: NetName=+3.3V_AE Pin=C4E-1
Added Pin To Net: NetName=+3.3V_AE Pin=C5E-1
Added Pin To Net: NetName=+3.3V_AE Pin=U1E-18
Added Pin To Net: NetName=+3.3V_AE Pin=U1E-20
Added Pin To Net: NetName=+3.3V_AE Pin=U1E-21
Added Net: Name=+3.3V_AE
Added Pin To Net: NetName=+3.3V_AF Pin=C3F-1
Added Pin To Net: NetName=+3.3V_AF Pin=C4F-1
Added Pin To Net: NetName=+3.3V_AF Pin=C5F-1
Added Pin To Net: NetName=+3.3V_AF Pin=U1F-18
Added Pin To Net: NetName=+3.3V_AF Pin=U1F-20
Added Pin To Net: NetName=+3.3V_AF Pin=U1F-21
Added Net: Name=+3.3V_AF
Added Pin To Net: NetName=+3.3V_AG Pin=C3G-1
Added Pin To Net: NetName=+3.3V_AG Pin=C4G-1
Added Pin To Net: NetName=+3.3V_AG Pin=C5G-1
Added Pin To Net: NetName=+3.3V_AG Pin=U1G-18
Added Pin To Net: NetName=+3.3V_AG Pin=U1G-20
Added Pin To Net: NetName=+3.3V_AG Pin=U1G-21
Added Net: Name=+3.3V_AG
Added Pin To Net: NetName=+3.3V_AH Pin=C3H-1
Added Pin To Net: NetName=+3.3V_AH Pin=C4H-1
Added Pin To Net: NetName=+3.3V_AH Pin=C5H-1
Added Pin To Net: NetName=+3.3V_AH Pin=U1H-18
Added Pin To Net: NetName=+3.3V_AH Pin=U1H-20
Added Pin To Net: NetName=+3.3V_AH Pin=U1H-21
Added Net: Name=+3.3V_AH
Added Pin To Net: NetName=+3.3V_AJ Pin=C3J-1
Added Pin To Net: NetName=+3.3V_AJ Pin=C4J-1
Added Pin To Net: NetName=+3.3V_AJ Pin=C5J-1
Added Pin To Net: NetName=+3.3V_AJ Pin=U1J-18
Added Pin To Net: NetName=+3.3V_AJ Pin=U1J-20
Added Pin To Net: NetName=+3.3V_AJ Pin=U1J-21
Added Net: Name=+3.3V_AJ
Added Pin To Net: NetName=+3.3V_AK Pin=C3K-1
Added Pin To Net: NetName=+3.3V_AK Pin=C4K-1
Added Pin To Net: NetName=+3.3V_AK Pin=C5K-1
Added Pin To Net: NetName=+3.3V_AK Pin=U1K-18
Added Pin To Net: NetName=+3.3V_AK Pin=U1K-20
Added Pin To Net: NetName=+3.3V_AK Pin=U1K-21
Added Net: Name=+3.3V_AK
Added Pin To Net: NetName=+3.3V_AL Pin=C3L-1
Added Pin To Net: NetName=+3.3V_AL Pin=C4L-1
Added Pin To Net: NetName=+3.3V_AL Pin=C5L-1
Added Pin To Net: NetName=+3.3V_AL Pin=U1L-18
Added Pin To Net: NetName=+3.3V_AL Pin=U1L-20
Added Pin To Net: NetName=+3.3V_AL Pin=U1L-21
Added Net: Name=+3.3V_AL
Added Pin To Net: NetName=+3.3V_A Pin=C7-1
Added Pin To Net: NetName=+3.3V_A Pin=D11-1
Added Pin To Net: NetName=+3.3V_A Pin=DC1-3
Added Net: Name=+3.3V_A
Added Pin To Net: NetName=+3.3VA Pin=C1A-1
Added Pin To Net: NetName=+3.3VA Pin=C2A-1
Added Pin To Net: NetName=+3.3VA Pin=U1A-26
Added Net: Name=+3.3VA
Added Pin To Net: NetName=+3.3VB Pin=C1B-1
Added Pin To Net: NetName=+3.3VB Pin=C2B-1
Added Pin To Net: NetName=+3.3VB Pin=U1B-26
Added Net: Name=+3.3VB
Added Pin To Net: NetName=+3.3VC Pin=C1C-1
Added Pin To Net: NetName=+3.3VC Pin=C2C-1
Added Pin To Net: NetName=+3.3VC Pin=U1C-26
Added Net: Name=+3.3VC
Added Pin To Net: NetName=+3.3VD Pin=C1D-1
Added Pin To Net: NetName=+3.3VD Pin=C2D-1
Added Pin To Net: NetName=+3.3VD Pin=U1D-26
Added Net: Name=+3.3VD
Added Pin To Net: NetName=+3.3VE Pin=C1E-1
Added Pin To Net: NetName=+3.3VE Pin=C2E-1
Added Pin To Net: NetName=+3.3VE Pin=U1E-26
Added Net: Name=+3.3VE
Added Pin To Net: NetName=+3.3VF Pin=C1F-1
Added Pin To Net: NetName=+3.3VF Pin=C2F-1
Added Pin To Net: NetName=+3.3VF Pin=U1F-26
Added Net: Name=+3.3VF
Added Pin To Net: NetName=+3.3VG Pin=C1G-1
Added Pin To Net: NetName=+3.3VG Pin=C2G-1
Added Pin To Net: NetName=+3.3VG Pin=U1G-26
Added Net: Name=+3.3VG
Added Pin To Net: NetName=+3.3VH Pin=C1H-1
Added Pin To Net: NetName=+3.3VH Pin=C2H-1
Added Pin To Net: NetName=+3.3VH Pin=U1H-26
Added Net: Name=+3.3VH
Added Pin To Net: NetName=+3.3VI Pin=C1I-1
Added Pin To Net: NetName=+3.3VI Pin=C2I-1
Added Pin To Net: NetName=+3.3VI Pin=U1I-26
Added Net: Name=+3.3VI
Added Pin To Net: NetName=+3.3VJ Pin=C1J-1
Added Pin To Net: NetName=+3.3VJ Pin=C2J-1
Added Pin To Net: NetName=+3.3VJ Pin=U1J-26
Added Net: Name=+3.3VJ
Added Pin To Net: NetName=+3.3VK Pin=C1K-1
Added Pin To Net: NetName=+3.3VK Pin=C2K-1
Added Pin To Net: NetName=+3.3VK Pin=U1K-26
Added Net: Name=+3.3VK
Added Pin To Net: NetName=+3.3VL Pin=C1L-1
Added Pin To Net: NetName=+3.3VL Pin=C2L-1
Added Pin To Net: NetName=+3.3VL Pin=U1L-26
Added Net: Name=+3.3VL
Added Pin To Net: NetName=AGNDA Pin=BS2A-2
Added Pin To Net: NetName=AGNDA Pin=C3A-2
Added Pin To Net: NetName=AGNDA Pin=C4A-2
Added Pin To Net: NetName=AGNDA Pin=C5A-2
Added Pin To Net: NetName=AGNDA Pin=U1A-17
Added Pin To Net: NetName=AGNDA Pin=U1A-19
Added Net: Name=AGNDA
Added Pin To Net: NetName=AGNDB Pin=BS2B-2
Added Pin To Net: NetName=AGNDB Pin=C3B-2
Added Pin To Net: NetName=AGNDB Pin=C4B-2
Added Pin To Net: NetName=AGNDB Pin=C5B-2
Added Pin To Net: NetName=AGNDB Pin=U1B-17
Added Pin To Net: NetName=AGNDB Pin=U1B-19
Added Net: Name=AGNDB
Added Pin To Net: NetName=AGNDC Pin=BS2C-2
Added Pin To Net: NetName=AGNDC Pin=C3C-2
Added Pin To Net: NetName=AGNDC Pin=C4C-2
Added Pin To Net: NetName=AGNDC Pin=C5C-2
Added Pin To Net: NetName=AGNDC Pin=U1C-17
Added Pin To Net: NetName=AGNDC Pin=U1C-19
Added Net: Name=AGNDC
Added Pin To Net: NetName=AGNDE Pin=BS2E-2
Added Pin To Net: NetName=AGNDE Pin=C3E-2
Added Pin To Net: NetName=AGNDE Pin=C4E-2
Added Pin To Net: NetName=AGNDE Pin=C5E-2
Added Pin To Net: NetName=AGNDE Pin=U1E-17
Added Pin To Net: NetName=AGNDE Pin=U1E-19
Added Net: Name=AGNDE
Added Pin To Net: NetName=AGNDF Pin=BS2F-2
Added Pin To Net: NetName=AGNDF Pin=C3F-2
Added Pin To Net: NetName=AGNDF Pin=C4F-2
Added Pin To Net: NetName=AGNDF Pin=C5F-2
Added Pin To Net: NetName=AGNDF Pin=U1F-17
Added Pin To Net: NetName=AGNDF Pin=U1F-19
Added Net: Name=AGNDF
Added Pin To Net: NetName=AGNDG Pin=BS2G-2
Added Pin To Net: NetName=AGNDG Pin=C3G-2
Added Pin To Net: NetName=AGNDG Pin=C4G-2
Added Pin To Net: NetName=AGNDG Pin=C5G-2
Added Pin To Net: NetName=AGNDG Pin=U1G-17
Added Pin To Net: NetName=AGNDG Pin=U1G-19
Added Net: Name=AGNDG
Added Pin To Net: NetName=AGNDH Pin=BS2H-2
Added Pin To Net: NetName=AGNDH Pin=C3H-2
Added Pin To Net: NetName=AGNDH Pin=C4H-2
Added Pin To Net: NetName=AGNDH Pin=C5H-2
Added Pin To Net: NetName=AGNDH Pin=U1H-17
Added Pin To Net: NetName=AGNDH Pin=U1H-19
Added Net: Name=AGNDH
Added Pin To Net: NetName=AGNDI Pin=BS2I-2
Added Pin To Net: NetName=AGNDI Pin=C3I-2
Added Pin To Net: NetName=AGNDI Pin=C4I-2
Added Pin To Net: NetName=AGNDI Pin=C5I-2
Added Pin To Net: NetName=AGNDI Pin=U1I-17
Added Pin To Net: NetName=AGNDI Pin=U1I-19
Added Net: Name=AGNDI
Added Pin To Net: NetName=AGNDJ Pin=BS2J-2
Added Pin To Net: NetName=AGNDJ Pin=C3J-2
Added Pin To Net: NetName=AGNDJ Pin=C4J-2
Added Pin To Net: NetName=AGNDJ Pin=C5J-2
Added Pin To Net: NetName=AGNDJ Pin=U1J-17
Added Pin To Net: NetName=AGNDJ Pin=U1J-19
Added Net: Name=AGNDJ
Added Pin To Net: NetName=AGNDK Pin=BS2K-2
Added Pin To Net: NetName=AGNDK Pin=C3K-2
Added Pin To Net: NetName=AGNDK Pin=C4K-2
Added Pin To Net: NetName=AGNDK Pin=C5K-2
Added Pin To Net: NetName=AGNDK Pin=U1K-17
Added Pin To Net: NetName=AGNDK Pin=U1K-19
Added Net: Name=AGNDK
Added Pin To Net: NetName=AGNDL Pin=BS2L-2
Added Pin To Net: NetName=AGNDL Pin=C3L-2
Added Pin To Net: NetName=AGNDL Pin=C4L-2
Added Pin To Net: NetName=AGNDL Pin=C5L-2
Added Pin To Net: NetName=AGNDL Pin=U1L-17
Added Pin To Net: NetName=AGNDL Pin=U1L-19
Added Net: Name=AGNDL
Added Pin To Net: NetName=AGND Pin=BS3-1
Added Pin To Net: NetName=AGND Pin=C7-2
Added Net: Name=AGND
Added Pin To Net: NetName=GNDA Pin=BS2A-1
Added Pin To Net: NetName=GNDA Pin=C1A-2
Added Pin To Net: NetName=GNDA Pin=C2A-2
Added Pin To Net: NetName=GNDA Pin=U1A-25
Added Pin To Net: NetName=GNDA Pin=U1A-33
Added Net: Name=GNDA
Added Pin To Net: NetName=GNDB Pin=BS2B-1
Added Pin To Net: NetName=GNDB Pin=C1B-2
Added Pin To Net: NetName=GNDB Pin=C2B-2
Added Pin To Net: NetName=GNDB Pin=U1B-25
Added Pin To Net: NetName=GNDB Pin=U1B-33
Added Net: Name=GNDB
Added Pin To Net: NetName=GNDC Pin=BS2C-1
Added Pin To Net: NetName=GNDC Pin=C1C-2
Added Pin To Net: NetName=GNDC Pin=C2C-2
Added Pin To Net: NetName=GNDC Pin=U1C-25
Added Pin To Net: NetName=GNDC Pin=U1C-33
Added Net: Name=GNDC
Added Pin To Net: NetName=GNDD Pin=BS2D-1
Added Pin To Net: NetName=GNDD Pin=C1D-2
Added Pin To Net: NetName=GNDD Pin=C2D-2
Added Pin To Net: NetName=GNDD Pin=U1D-25
Added Pin To Net: NetName=GNDD Pin=U1D-33
Added Net: Name=GNDD
Added Pin To Net: NetName=GNDE Pin=BS2E-1
Added Pin To Net: NetName=GNDE Pin=C1E-2
Added Pin To Net: NetName=GNDE Pin=C2E-2
Added Pin To Net: NetName=GNDE Pin=U1E-25
Added Pin To Net: NetName=GNDE Pin=U1E-33
Added Net: Name=GNDE
Added Pin To Net: NetName=GNDF Pin=BS2F-1
Added Pin To Net: NetName=GNDF Pin=C1F-2
Added Pin To Net: NetName=GNDF Pin=C2F-2
Added Pin To Net: NetName=GNDF Pin=U1F-25
Added Pin To Net: NetName=GNDF Pin=U1F-33
Added Net: Name=GNDF
Added Pin To Net: NetName=GNDG Pin=BS2G-1
Added Pin To Net: NetName=GNDG Pin=C1G-2
Added Pin To Net: NetName=GNDG Pin=C2G-2
Added Pin To Net: NetName=GNDG Pin=U1G-25
Added Pin To Net: NetName=GNDG Pin=U1G-33
Added Net: Name=GNDG
Added Pin To Net: NetName=GNDH Pin=BS2H-1
Added Pin To Net: NetName=GNDH Pin=C1H-2
Added Pin To Net: NetName=GNDH Pin=C2H-2
Added Pin To Net: NetName=GNDH Pin=U1H-25
Added Pin To Net: NetName=GNDH Pin=U1H-33
Added Net: Name=GNDH
Added Pin To Net: NetName=GNDI Pin=BS2I-1
Added Pin To Net: NetName=GNDI Pin=C1I-2
Added Pin To Net: NetName=GNDI Pin=C2I-2
Added Pin To Net: NetName=GNDI Pin=U1I-25
Added Pin To Net: NetName=GNDI Pin=U1I-33
Added Net: Name=GNDI
Added Pin To Net: NetName=GNDJ Pin=BS2J-1
Added Pin To Net: NetName=GNDJ Pin=C1J-2
Added Pin To Net: NetName=GNDJ Pin=C2J-2
Added Pin To Net: NetName=GNDJ Pin=U1J-25
Added Pin To Net: NetName=GNDJ Pin=U1J-33
Added Net: Name=GNDJ
Added Pin To Net: NetName=GNDK Pin=BS2K-1
Added Pin To Net: NetName=GNDK Pin=C1K-2
Added Pin To Net: NetName=GNDK Pin=C2K-2
Added Pin To Net: NetName=GNDK Pin=U1K-25
Added Pin To Net: NetName=GNDK Pin=U1K-33
Added Net: Name=GNDK
Added Pin To Net: NetName=GNDL Pin=BS2L-1
Added Pin To Net: NetName=GNDL Pin=C1L-2
Added Pin To Net: NetName=GNDL Pin=C2L-2
Added Pin To Net: NetName=GNDL Pin=U1L-25
Added Pin To Net: NetName=GNDL Pin=U1L-33
Added Net: Name=GNDL
Added Member To Class: ClassName=ADC1_Nets Member=Wire +3.3V_AA
Added Member To Class: ClassName=C3A_Nets Member=Wire +3.3V_AA
Added Member To Class: ClassName=C4A_Nets Member=Wire +3.3V_AA
Added Member To Class: ClassName=C5A_Nets Member=Wire +3.3V_AA
Added Member To Class: ClassName=U1A_Nets Member=Wire +3.3V_AA
Added Member To Class: ClassName=ADC2_Nets Member=Wire +3.3V_AB
Added Member To Class: ClassName=C3B_Nets Member=Wire +3.3V_AB
Added Member To Class: ClassName=C4B_Nets Member=Wire +3.3V_AB
Added Member To Class: ClassName=C5B_Nets Member=Wire +3.3V_AB
Added Member To Class: ClassName=U1B_Nets Member=Wire +3.3V_AB
Added Member To Class: ClassName=ADC3_Nets Member=Wire +3.3V_AC
Added Member To Class: ClassName=C3C_Nets Member=Wire +3.3V_AC
Added Member To Class: ClassName=C4C_Nets Member=Wire +3.3V_AC
Added Member To Class: ClassName=C5C_Nets Member=Wire +3.3V_AC
Added Member To Class: ClassName=U1C_Nets Member=Wire +3.3V_AC
Added Member To Class: ClassName=ADC4_Nets Member=Wire +3.3V_AD
Added Member To Class: ClassName=C3D_Nets Member=Wire +3.3V_AD
Added Member To Class: ClassName=C4D_Nets Member=Wire +3.3V_AD
Added Member To Class: ClassName=C5D_Nets Member=Wire +3.3V_AD
Added Member To Class: ClassName=U1D_Nets Member=Wire +3.3V_AD
Added Member To Class: ClassName=ADC5_Nets Member=Wire +3.3V_AE
Added Member To Class: ClassName=C3E_Nets Member=Wire +3.3V_AE
Added Member To Class: ClassName=C4E_Nets Member=Wire +3.3V_AE
Added Member To Class: ClassName=C5E_Nets Member=Wire +3.3V_AE
Added Member To Class: ClassName=U1E_Nets Member=Wire +3.3V_AE
Added Member To Class: ClassName=ADC6_Nets Member=Wire +3.3V_AF
Added Member To Class: ClassName=C3F_Nets Member=Wire +3.3V_AF
Added Member To Class: ClassName=C4F_Nets Member=Wire +3.3V_AF
Added Member To Class: ClassName=C5F_Nets Member=Wire +3.3V_AF
Added Member To Class: ClassName=U1F_Nets Member=Wire +3.3V_AF
Added Member To Class: ClassName=ADC7_Nets Member=Wire +3.3V_AG
Added Member To Class: ClassName=C3G_Nets Member=Wire +3.3V_AG
Added Member To Class: ClassName=C4G_Nets Member=Wire +3.3V_AG
Added Member To Class: ClassName=C5G_Nets Member=Wire +3.3V_AG
Added Member To Class: ClassName=U1G_Nets Member=Wire +3.3V_AG
Added Member To Class: ClassName=ADC8_Nets Member=Wire +3.3V_AH
Added Member To Class: ClassName=C3H_Nets Member=Wire +3.3V_AH
Added Member To Class: ClassName=C4H_Nets Member=Wire +3.3V_AH
Added Member To Class: ClassName=C5H_Nets Member=Wire +3.3V_AH
Added Member To Class: ClassName=U1H_Nets Member=Wire +3.3V_AH
Added Member To Class: ClassName=ADC9_Nets Member=Wire +3.3V_AI
Added Member To Class: ClassName=C3I_Nets Member=Wire +3.3V_AI
Added Member To Class: ClassName=C4I_Nets Member=Wire +3.3V_AI
Added Member To Class: ClassName=C5I_Nets Member=Wire +3.3V_AI
Added Member To Class: ClassName=U1I_Nets Member=Wire +3.3V_AI
Added Member To Class: ClassName=ADC10_Nets Member=Wire +3.3V_AJ
Added Member To Class: ClassName=C3J_Nets Member=Wire +3.3V_AJ
Added Member To Class: ClassName=C4J_Nets Member=Wire +3.3V_AJ
Added Member To Class: ClassName=C5J_Nets Member=Wire +3.3V_AJ
Added Member To Class: ClassName=U1J_Nets Member=Wire +3.3V_AJ
Added Member To Class: ClassName=ADC11_Nets Member=Wire +3.3V_AK
Added Member To Class: ClassName=C3K_Nets Member=Wire +3.3V_AK
Added Member To Class: ClassName=C4K_Nets Member=Wire +3.3V_AK
Added Member To Class: ClassName=C5K_Nets Member=Wire +3.3V_AK
Added Member To Class: ClassName=U1K_Nets Member=Wire +3.3V_AK
Added Member To Class: ClassName=ADC12_Nets Member=Wire +3.3V_AL
Added Member To Class: ClassName=C3L_Nets Member=Wire +3.3V_AL
Added Member To Class: ClassName=C4L_Nets Member=Wire +3.3V_AL
Added Member To Class: ClassName=C5L_Nets Member=Wire +3.3V_AL
Added Member To Class: ClassName=U1L_Nets Member=Wire +3.3V_AL
Added Member To Class: ClassName=ADC1_Nets Member=Wire +3.3VA
Added Member To Class: ClassName=C1A_Nets Member=Wire +3.3VA
Added Member To Class: ClassName=C2A_Nets Member=Wire +3.3VA
Added Member To Class: ClassName=U1A_Nets Member=Wire +3.3VA
Added Member To Class: ClassName=ADC2_Nets Member=Wire +3.3VB
Added Member To Class: ClassName=C1B_Nets Member=Wire +3.3VB
Added Member To Class: ClassName=C2B_Nets Member=Wire +3.3VB
Added Member To Class: ClassName=U1B_Nets Member=Wire +3.3VB
Added Member To Class: ClassName=ADC3_Nets Member=Wire +3.3VC
Added Member To Class: ClassName=C1C_Nets Member=Wire +3.3VC
Added Member To Class: ClassName=C2C_Nets Member=Wire +3.3VC
Added Member To Class: ClassName=U1C_Nets Member=Wire +3.3VC
Added Member To Class: ClassName=ADC4_Nets Member=Wire +3.3VD
Added Member To Class: ClassName=C1D_Nets Member=Wire +3.3VD
Added Member To Class: ClassName=C2D_Nets Member=Wire +3.3VD
Added Member To Class: ClassName=U1D_Nets Member=Wire +3.3VD
Added Member To Class: ClassName=ADC5_Nets Member=Wire +3.3VE
Added Member To Class: ClassName=C1E_Nets Member=Wire +3.3VE
Added Member To Class: ClassName=C2E_Nets Member=Wire +3.3VE
Added Member To Class: ClassName=U1E_Nets Member=Wire +3.3VE
Added Member To Class: ClassName=ADC6_Nets Member=Wire +3.3VF
Added Member To Class: ClassName=C1F_Nets Member=Wire +3.3VF
Added Member To Class: ClassName=C2F_Nets Member=Wire +3.3VF
Added Member To Class: ClassName=U1F_Nets Member=Wire +3.3VF
Added Member To Class: ClassName=ADC7_Nets Member=Wire +3.3VG
Added Member To Class: ClassName=C1G_Nets Member=Wire +3.3VG
Added Member To Class: ClassName=C2G_Nets Member=Wire +3.3VG
Added Member To Class: ClassName=U1G_Nets Member=Wire +3.3VG
Added Member To Class: ClassName=ADC8_Nets Member=Wire +3.3VH
Added Member To Class: ClassName=C1H_Nets Member=Wire +3.3VH
Added Member To Class: ClassName=C2H_Nets Member=Wire +3.3VH
Added Member To Class: ClassName=U1H_Nets Member=Wire +3.3VH
Added Member To Class: ClassName=ADC9_Nets Member=Wire +3.3VI
Added Member To Class: ClassName=C1I_Nets Member=Wire +3.3VI
Added Member To Class: ClassName=C2I_Nets Member=Wire +3.3VI
Added Member To Class: ClassName=U1I_Nets Member=Wire +3.3VI
Added Member To Class: ClassName=ADC10_Nets Member=Wire +3.3VJ
Added Member To Class: ClassName=C1J_Nets Member=Wire +3.3VJ
Added Member To Class: ClassName=C2J_Nets Member=Wire +3.3VJ
Added Member To Class: ClassName=U1J_Nets Member=Wire +3.3VJ
Added Member To Class: ClassName=ADC11_Nets Member=Wire +3.3VK
Added Member To Class: ClassName=C1K_Nets Member=Wire +3.3VK
Added Member To Class: ClassName=C2K_Nets Member=Wire +3.3VK
Added Member To Class: ClassName=U1K_Nets Member=Wire +3.3VK
Added Member To Class: ClassName=ADC12_Nets Member=Wire +3.3VL
Added Member To Class: ClassName=C1L_Nets Member=Wire +3.3VL
Added Member To Class: ClassName=C2L_Nets Member=Wire +3.3VL
Added Member To Class: ClassName=U1L_Nets Member=Wire +3.3VL
Added Member To Class: ClassName=ADC1_Nets Member=Wire AGNDA
Added Member To Class: ClassName=BS2A_Nets Member=Wire AGNDA
Added Member To Class: ClassName=C3A_Nets Member=Wire AGNDA
Added Member To Class: ClassName=C4A_Nets Member=Wire AGNDA
Added Member To Class: ClassName=C5A_Nets Member=Wire AGNDA
Added Member To Class: ClassName=U1A_Nets Member=Wire AGNDA
Added Member To Class: ClassName=ADC2_Nets Member=Wire AGNDB
Added Member To Class: ClassName=BS2B_Nets Member=Wire AGNDB
Added Member To Class: ClassName=C3B_Nets Member=Wire AGNDB
Added Member To Class: ClassName=C4B_Nets Member=Wire AGNDB
Added Member To Class: ClassName=C5B_Nets Member=Wire AGNDB
Added Member To Class: ClassName=U1B_Nets Member=Wire AGNDB
Added Member To Class: ClassName=ADC3_Nets Member=Wire AGNDC
Added Member To Class: ClassName=BS2C_Nets Member=Wire AGNDC
Added Member To Class: ClassName=C3C_Nets Member=Wire AGNDC
Added Member To Class: ClassName=C4C_Nets Member=Wire AGNDC
Added Member To Class: ClassName=C5C_Nets Member=Wire AGNDC
Added Member To Class: ClassName=U1C_Nets Member=Wire AGNDC
Added Member To Class: ClassName=ADC4_Nets Member=Wire AGNDD
Added Member To Class: ClassName=BS2D_Nets Member=Wire AGNDD
Added Member To Class: ClassName=C3D_Nets Member=Wire AGNDD
Added Member To Class: ClassName=C4D_Nets Member=Wire AGNDD
Added Member To Class: ClassName=C5D_Nets Member=Wire AGNDD
Added Member To Class: ClassName=U1D_Nets Member=Wire AGNDD
Added Member To Class: ClassName=ADC5_Nets Member=Wire AGNDE
Added Member To Class: ClassName=BS2E_Nets Member=Wire AGNDE
Added Member To Class: ClassName=C3E_Nets Member=Wire AGNDE
Added Member To Class: ClassName=C4E_Nets Member=Wire AGNDE
Added Member To Class: ClassName=C5E_Nets Member=Wire AGNDE
Added Member To Class: ClassName=U1E_Nets Member=Wire AGNDE
Added Member To Class: ClassName=ADC6_Nets Member=Wire AGNDF
Added Member To Class: ClassName=BS2F_Nets Member=Wire AGNDF
Added Member To Class: ClassName=C3F_Nets Member=Wire AGNDF
Added Member To Class: ClassName=C4F_Nets Member=Wire AGNDF
Added Member To Class: ClassName=C5F_Nets Member=Wire AGNDF
Added Member To Class: ClassName=U1F_Nets Member=Wire AGNDF
Added Member To Class: ClassName=ADC7_Nets Member=Wire AGNDG
Added Member To Class: ClassName=BS2G_Nets Member=Wire AGNDG
Added Member To Class: ClassName=C3G_Nets Member=Wire AGNDG
Added Member To Class: ClassName=C4G_Nets Member=Wire AGNDG
Added Member To Class: ClassName=C5G_Nets Member=Wire AGNDG
Added Member To Class: ClassName=U1G_Nets Member=Wire AGNDG
Added Member To Class: ClassName=ADC8_Nets Member=Wire AGNDH
Added Member To Class: ClassName=BS2H_Nets Member=Wire AGNDH
Added Member To Class: ClassName=C3H_Nets Member=Wire AGNDH
Added Member To Class: ClassName=C4H_Nets Member=Wire AGNDH
Added Member To Class: ClassName=C5H_Nets Member=Wire AGNDH
Added Member To Class: ClassName=U1H_Nets Member=Wire AGNDH
Added Member To Class: ClassName=ADC9_Nets Member=Wire AGNDI
Added Member To Class: ClassName=BS2I_Nets Member=Wire AGNDI
Added Member To Class: ClassName=C3I_Nets Member=Wire AGNDI
Added Member To Class: ClassName=C4I_Nets Member=Wire AGNDI
Added Member To Class: ClassName=C5I_Nets Member=Wire AGNDI
Added Member To Class: ClassName=U1I_Nets Member=Wire AGNDI
Added Member To Class: ClassName=ADC10_Nets Member=Wire AGNDJ
Added Member To Class: ClassName=BS2J_Nets Member=Wire AGNDJ
Added Member To Class: ClassName=C3J_Nets Member=Wire AGNDJ
Added Member To Class: ClassName=C4J_Nets Member=Wire AGNDJ
Added Member To Class: ClassName=C5J_Nets Member=Wire AGNDJ
Added Member To Class: ClassName=U1J_Nets Member=Wire AGNDJ
Added Member To Class: ClassName=ADC11_Nets Member=Wire AGNDK
Added Member To Class: ClassName=BS2K_Nets Member=Wire AGNDK
Added Member To Class: ClassName=C3K_Nets Member=Wire AGNDK
Added Member To Class: ClassName=C4K_Nets Member=Wire AGNDK
Added Member To Class: ClassName=C5K_Nets Member=Wire AGNDK
Added Member To Class: ClassName=U1K_Nets Member=Wire AGNDK
Added Member To Class: ClassName=ADC12_Nets Member=Wire AGNDL
Added Member To Class: ClassName=BS2L_Nets Member=Wire AGNDL
Added Member To Class: ClassName=C3L_Nets Member=Wire AGNDL
Added Member To Class: ClassName=C4L_Nets Member=Wire AGNDL
Added Member To Class: ClassName=C5L_Nets Member=Wire AGNDL
Added Member To Class: ClassName=U1L_Nets Member=Wire AGNDL
Added Member To Class: ClassName=ADC1_Nets Member=Wire GNDA
Added Member To Class: ClassName=BS2A_Nets Member=Wire GNDA
Added Member To Class: ClassName=C1A_Nets Member=Wire GNDA
Added Member To Class: ClassName=C2A_Nets Member=Wire GNDA
Added Member To Class: ClassName=U1A_Nets Member=Wire GNDA
Added Member To Class: ClassName=ADC2_Nets Member=Wire GNDB
Added Member To Class: ClassName=BS2B_Nets Member=Wire GNDB
Added Member To Class: ClassName=C1B_Nets Member=Wire GNDB
Added Member To Class: ClassName=C2B_Nets Member=Wire GNDB
Added Member To Class: ClassName=U1B_Nets Member=Wire GNDB
Added Member To Class: ClassName=ADC3_Nets Member=Wire GNDC
Added Member To Class: ClassName=BS2C_Nets Member=Wire GNDC
Added Member To Class: ClassName=C1C_Nets Member=Wire GNDC
Added Member To Class: ClassName=C2C_Nets Member=Wire GNDC
Added Member To Class: ClassName=U1C_Nets Member=Wire GNDC
Added Member To Class: ClassName=ADC4_Nets Member=Wire GNDD
Added Member To Class: ClassName=BS2D_Nets Member=Wire GNDD
Added Member To Class: ClassName=C1D_Nets Member=Wire GNDD
Added Member To Class: ClassName=C2D_Nets Member=Wire GNDD
Added Member To Class: ClassName=U1D_Nets Member=Wire GNDD
Added Member To Class: ClassName=ADC5_Nets Member=Wire GNDE
Added Member To Class: ClassName=BS2E_Nets Member=Wire GNDE
Added Member To Class: ClassName=C1E_Nets Member=Wire GNDE
Added Member To Class: ClassName=C2E_Nets Member=Wire GNDE
Added Member To Class: ClassName=U1E_Nets Member=Wire GNDE
Added Member To Class: ClassName=ADC6_Nets Member=Wire GNDF
Added Member To Class: ClassName=BS2F_Nets Member=Wire GNDF
Added Member To Class: ClassName=C1F_Nets Member=Wire GNDF
Added Member To Class: ClassName=C2F_Nets Member=Wire GNDF
Added Member To Class: ClassName=U1F_Nets Member=Wire GNDF
Added Member To Class: ClassName=ADC7_Nets Member=Wire GNDG
Added Member To Class: ClassName=BS2G_Nets Member=Wire GNDG
Added Member To Class: ClassName=C1G_Nets Member=Wire GNDG
Added Member To Class: ClassName=C2G_Nets Member=Wire GNDG
Added Member To Class: ClassName=U1G_Nets Member=Wire GNDG
Added Member To Class: ClassName=ADC8_Nets Member=Wire GNDH
Added Member To Class: ClassName=BS2H_Nets Member=Wire GNDH
Added Member To Class: ClassName=C1H_Nets Member=Wire GNDH
Added Member To Class: ClassName=C2H_Nets Member=Wire GNDH
Added Member To Class: ClassName=U1H_Nets Member=Wire GNDH
Added Member To Class: ClassName=ADC9_Nets Member=Wire GNDI
Added Member To Class: ClassName=BS2I_Nets Member=Wire GNDI
Added Member To Class: ClassName=C1I_Nets Member=Wire GNDI
Added Member To Class: ClassName=C2I_Nets Member=Wire GNDI
Added Member To Class: ClassName=U1I_Nets Member=Wire GNDI
Added Member To Class: ClassName=ADC10_Nets Member=Wire GNDJ
Added Member To Class: ClassName=BS2J_Nets Member=Wire GNDJ
Added Member To Class: ClassName=C1J_Nets Member=Wire GNDJ
Added Member To Class: ClassName=C2J_Nets Member=Wire GNDJ
Added Member To Class: ClassName=U1J_Nets Member=Wire GNDJ
Added Member To Class: ClassName=ADC11_Nets Member=Wire GNDK
Added Member To Class: ClassName=BS2K_Nets Member=Wire GNDK
Added Member To Class: ClassName=C1K_Nets Member=Wire GNDK
Added Member To Class: ClassName=C2K_Nets Member=Wire GNDK
Added Member To Class: ClassName=U1K_Nets Member=Wire GNDK
Added Member To Class: ClassName=ADC12_Nets Member=Wire GNDL
Added Member To Class: ClassName=BS2L_Nets Member=Wire GNDL
Added Member To Class: ClassName=C1L_Nets Member=Wire GNDL
Added Member To Class: ClassName=C2L_Nets Member=Wire GNDL
Added Member To Class: ClassName=U1L_Nets Member=Wire GNDL
