Change Net Name : Old Net Name=ADC_1_N1 New Net Name=ADC_1A_N
Change Net Name : Old Net Name=ADC_1_N2 New Net Name=ADC_1B_N
Change Net Name : Old Net Name=ADC_1_N3 New Net Name=ADC_1C_N
Change Net Name : Old Net Name=ADC_1_N4 New Net Name=ADC_1D_N
Change Net Name : Old Net Name=ADC_1_N5 New Net Name=ADC_1E_N
Change Net Name : Old Net Name=ADC_1_N6 New Net Name=ADC_1F_N
Change Net Name : Old Net Name=ADC_1_N7 New Net Name=ADC_1G_N
Change Net Name : Old Net Name=ADC_1_N8 New Net Name=ADC_1H_N
Change Net Name : Old Net Name=ADC_1_N9 New Net Name=ADC_1I_N
Change Net Name : Old Net Name=ADC_1_N10 New Net Name=ADC_1J_N
Change Net Name : Old Net Name=ADC_1_N11 New Net Name=ADC_1K_N
Change Net Name : Old Net Name=ADC_1_N12 New Net Name=ADC_1L_N
Change Net Name : Old Net Name=ADC_1_P1 New Net Name=ADC_1A_P
Change Net Name : Old Net Name=ADC_1_P2 New Net Name=ADC_1B_P
Change Net Name : Old Net Name=ADC_1_P3 New Net Name=ADC_1C_P
Change Net Name : Old Net Name=ADC_1_P4 New Net Name=ADC_1D_P
Change Net Name : Old Net Name=ADC_1_P5 New Net Name=ADC_1E_P
Change Net Name : Old Net Name=ADC_1_P6 New Net Name=ADC_1F_P
Change Net Name : Old Net Name=ADC_1_P7 New Net Name=ADC_1G_P
Change Net Name : Old Net Name=ADC_1_P8 New Net Name=ADC_1H_P
Change Net Name : Old Net Name=ADC_1_P9 New Net Name=ADC_1I_P
Change Net Name : Old Net Name=ADC_1_P10 New Net Name=ADC_1J_P
Change Net Name : Old Net Name=ADC_1_P11 New Net Name=ADC_1K_P
Change Net Name : Old Net Name=ADC_1_P12 New Net Name=ADC_1L_P
Change Net Name : Old Net Name=ADC_2_N1 New Net Name=ADC_2A_N
Change Net Name : Old Net Name=ADC_2_N2 New Net Name=ADC_2B_N
Change Net Name : Old Net Name=ADC_2_N3 New Net Name=ADC_2C_N
Change Net Name : Old Net Name=ADC_2_N4 New Net Name=ADC_2D_N
Change Net Name : Old Net Name=ADC_2_N5 New Net Name=ADC_2E_N
Change Net Name : Old Net Name=ADC_2_N6 New Net Name=ADC_2F_N
Change Net Name : Old Net Name=ADC_2_N7 New Net Name=ADC_2G_N
Change Net Name : Old Net Name=ADC_2_N8 New Net Name=ADC_2H_N
Change Net Name : Old Net Name=ADC_2_N9 New Net Name=ADC_2I_N
Change Net Name : Old Net Name=ADC_2_N10 New Net Name=ADC_2J_N
Change Net Name : Old Net Name=ADC_2_N11 New Net Name=ADC_2K_N
Change Net Name : Old Net Name=ADC_2_N12 New Net Name=ADC_2L_N
Change Net Name : Old Net Name=ADC_2_P1 New Net Name=ADC_2A_P
Change Net Name : Old Net Name=ADC_2_P2 New Net Name=ADC_2B_P
Change Net Name : Old Net Name=ADC_2_P3 New Net Name=ADC_2C_P
Change Net Name : Old Net Name=ADC_2_P4 New Net Name=ADC_2D_P
Change Net Name : Old Net Name=ADC_2_P5 New Net Name=ADC_2E_P
Change Net Name : Old Net Name=ADC_2_P6 New Net Name=ADC_2F_P
Change Net Name : Old Net Name=ADC_2_P7 New Net Name=ADC_2G_P
Change Net Name : Old Net Name=ADC_2_P8 New Net Name=ADC_2H_P
Change Net Name : Old Net Name=ADC_2_P9 New Net Name=ADC_2I_P
Change Net Name : Old Net Name=ADC_2_P10 New Net Name=ADC_2J_P
Change Net Name : Old Net Name=ADC_2_P11 New Net Name=ADC_2K_P
Change Net Name : Old Net Name=ADC_2_P12 New Net Name=ADC_2L_P
Change Net Name : Old Net Name=ADC_3_N1 New Net Name=ADC_3A_N
Change Net Name : Old Net Name=ADC_3_N2 New Net Name=ADC_3B_N
Change Net Name : Old Net Name=ADC_3_N3 New Net Name=ADC_3C_N
Change Net Name : Old Net Name=ADC_3_N4 New Net Name=ADC_3D_N
Change Net Name : Old Net Name=ADC_3_N5 New Net Name=ADC_3E_N
Change Net Name : Old Net Name=ADC_3_N6 New Net Name=ADC_3F_N
Change Net Name : Old Net Name=ADC_3_N7 New Net Name=ADC_3G_N
Change Net Name : Old Net Name=ADC_3_N8 New Net Name=ADC_3H_N
Change Net Name : Old Net Name=ADC_3_N9 New Net Name=ADC_3I_N
Change Net Name : Old Net Name=ADC_3_N10 New Net Name=ADC_3J_N
Change Net Name : Old Net Name=ADC_3_N11 New Net Name=ADC_3K_N
Change Net Name : Old Net Name=ADC_3_N12 New Net Name=ADC_3L_N
Change Net Name : Old Net Name=ADC_3_P1 New Net Name=ADC_3A_P
Change Net Name : Old Net Name=ADC_3_P2 New Net Name=ADC_3B_P
Change Net Name : Old Net Name=ADC_3_P3 New Net Name=ADC_3C_P
Change Net Name : Old Net Name=ADC_3_P4 New Net Name=ADC_3D_P
Change Net Name : Old Net Name=ADC_3_P5 New Net Name=ADC_3E_P
Change Net Name : Old Net Name=ADC_3_P6 New Net Name=ADC_3F_P
Change Net Name : Old Net Name=ADC_3_P7 New Net Name=ADC_3G_P
Change Net Name : Old Net Name=ADC_3_P8 New Net Name=ADC_3H_P
Change Net Name : Old Net Name=ADC_3_P9 New Net Name=ADC_3I_P
Change Net Name : Old Net Name=ADC_3_P10 New Net Name=ADC_3J_P
Change Net Name : Old Net Name=ADC_3_P11 New Net Name=ADC_3K_P
Change Net Name : Old Net Name=ADC_3_P12 New Net Name=ADC_3L_P
Change Net Name : Old Net Name=ADC_4_N1 New Net Name=ADC_4A_N
Change Net Name : Old Net Name=ADC_4_N2 New Net Name=ADC_4B_N
Change Net Name : Old Net Name=ADC_4_N3 New Net Name=ADC_4C_N
Change Net Name : Old Net Name=ADC_4_N4 New Net Name=ADC_4D_N
Change Net Name : Old Net Name=ADC_4_N5 New Net Name=ADC_4E_N
Change Net Name : Old Net Name=ADC_4_N6 New Net Name=ADC_4F_N
Change Net Name : Old Net Name=ADC_4_N7 New Net Name=ADC_4G_N
Change Net Name : Old Net Name=ADC_4_N8 New Net Name=ADC_4H_N
Change Net Name : Old Net Name=ADC_4_N9 New Net Name=ADC_4I_N
Change Net Name : Old Net Name=ADC_4_N10 New Net Name=ADC_4J_N
Change Net Name : Old Net Name=ADC_4_N11 New Net Name=ADC_4K_N
Change Net Name : Old Net Name=ADC_4_N12 New Net Name=ADC_4L_N
Change Net Name : Old Net Name=ADC_4_P1 New Net Name=ADC_4A_P
Change Net Name : Old Net Name=ADC_4_P2 New Net Name=ADC_4B_P
Change Net Name : Old Net Name=ADC_4_P3 New Net Name=ADC_4C_P
Change Net Name : Old Net Name=ADC_4_P4 New Net Name=ADC_4D_P
Change Net Name : Old Net Name=ADC_4_P5 New Net Name=ADC_4E_P
Change Net Name : Old Net Name=ADC_4_P6 New Net Name=ADC_4F_P
Change Net Name : Old Net Name=ADC_4_P7 New Net Name=ADC_4G_P
Change Net Name : Old Net Name=ADC_4_P8 New Net Name=ADC_4H_P
Change Net Name : Old Net Name=ADC_4_P9 New Net Name=ADC_4I_P
Change Net Name : Old Net Name=ADC_4_P10 New Net Name=ADC_4J_P
Change Net Name : Old Net Name=ADC_4_P11 New Net Name=ADC_4K_P
Change Net Name : Old Net Name=ADC_4_P12 New Net Name=ADC_4L_P
Change Net Name : Old Net Name=ADC_5_N1 New Net Name=ADC_5A_N
Change Net Name : Old Net Name=ADC_5_N2 New Net Name=ADC_5B_N
Change Net Name : Old Net Name=ADC_5_N3 New Net Name=ADC_5C_N
Change Net Name : Old Net Name=ADC_5_N4 New Net Name=ADC_5D_N
Change Net Name : Old Net Name=ADC_5_N5 New Net Name=ADC_5E_N
Change Net Name : Old Net Name=ADC_5_N6 New Net Name=ADC_5F_N
Change Net Name : Old Net Name=ADC_5_N7 New Net Name=ADC_5G_N
Change Net Name : Old Net Name=ADC_5_N8 New Net Name=ADC_5H_N
Change Net Name : Old Net Name=ADC_5_N9 New Net Name=ADC_5I_N
Change Net Name : Old Net Name=ADC_5_N10 New Net Name=ADC_5J_N
Change Net Name : Old Net Name=ADC_5_N11 New Net Name=ADC_5K_N
Change Net Name : Old Net Name=ADC_5_N12 New Net Name=ADC_5L_N
Change Net Name : Old Net Name=ADC_5_P1 New Net Name=ADC_5A_P
Change Net Name : Old Net Name=ADC_5_P2 New Net Name=ADC_5B_P
Change Net Name : Old Net Name=ADC_5_P3 New Net Name=ADC_5C_P
Change Net Name : Old Net Name=ADC_5_P4 New Net Name=ADC_5D_P
Change Net Name : Old Net Name=ADC_5_P5 New Net Name=ADC_5E_P
Change Net Name : Old Net Name=ADC_5_P6 New Net Name=ADC_5F_P
Change Net Name : Old Net Name=ADC_5_P7 New Net Name=ADC_5G_P
Change Net Name : Old Net Name=ADC_5_P8 New Net Name=ADC_5H_P
Change Net Name : Old Net Name=ADC_5_P9 New Net Name=ADC_5I_P
Change Net Name : Old Net Name=ADC_5_P10 New Net Name=ADC_5J_P
Change Net Name : Old Net Name=ADC_5_P11 New Net Name=ADC_5K_P
Change Net Name : Old Net Name=ADC_5_P12 New Net Name=ADC_5L_P
Change Net Name : Old Net Name=ADC_6_N1 New Net Name=ADC_6A_N
Change Net Name : Old Net Name=ADC_6_N2 New Net Name=ADC_6B_N
Change Net Name : Old Net Name=ADC_6_N3 New Net Name=ADC_6C_N
Change Net Name : Old Net Name=ADC_6_N4 New Net Name=ADC_6D_N
Change Net Name : Old Net Name=ADC_6_N5 New Net Name=ADC_6E_N
Change Net Name : Old Net Name=ADC_6_N6 New Net Name=ADC_6F_N
Change Net Name : Old Net Name=ADC_6_N7 New Net Name=ADC_6G_N
Change Net Name : Old Net Name=ADC_6_N8 New Net Name=ADC_6H_N
Change Net Name : Old Net Name=ADC_6_N9 New Net Name=ADC_6I_N
Change Net Name : Old Net Name=ADC_6_N10 New Net Name=ADC_6J_N
Change Net Name : Old Net Name=ADC_6_N11 New Net Name=ADC_6K_N
Change Net Name : Old Net Name=ADC_6_N12 New Net Name=ADC_6L_N
Change Net Name : Old Net Name=ADC_6_P1 New Net Name=ADC_6A_P
Change Net Name : Old Net Name=ADC_6_P2 New Net Name=ADC_6B_P
Change Net Name : Old Net Name=ADC_6_P3 New Net Name=ADC_6C_P
Change Net Name : Old Net Name=ADC_6_P4 New Net Name=ADC_6D_P
Change Net Name : Old Net Name=ADC_6_P5 New Net Name=ADC_6E_P
Change Net Name : Old Net Name=ADC_6_P6 New Net Name=ADC_6F_P
Change Net Name : Old Net Name=ADC_6_P7 New Net Name=ADC_6G_P
Change Net Name : Old Net Name=ADC_6_P8 New Net Name=ADC_6H_P
Change Net Name : Old Net Name=ADC_6_P9 New Net Name=ADC_6I_P
Change Net Name : Old Net Name=ADC_6_P10 New Net Name=ADC_6J_P
Change Net Name : Old Net Name=ADC_6_P11 New Net Name=ADC_6K_P
Change Net Name : Old Net Name=ADC_6_P12 New Net Name=ADC_6L_P
Change Net Name : Old Net Name=ADC_7_N1 New Net Name=ADC_7A_N
Change Net Name : Old Net Name=ADC_7_N2 New Net Name=ADC_7B_N
Change Net Name : Old Net Name=ADC_7_N3 New Net Name=ADC_7C_N
Change Net Name : Old Net Name=ADC_7_N4 New Net Name=ADC_7D_N
Change Net Name : Old Net Name=ADC_7_N5 New Net Name=ADC_7E_N
Change Net Name : Old Net Name=ADC_7_N6 New Net Name=ADC_7F_N
Change Net Name : Old Net Name=ADC_7_N7 New Net Name=ADC_7G_N
Change Net Name : Old Net Name=ADC_7_N8 New Net Name=ADC_7H_N
Change Net Name : Old Net Name=ADC_7_N9 New Net Name=ADC_7I_N
Change Net Name : Old Net Name=ADC_7_N10 New Net Name=ADC_7J_N
Change Net Name : Old Net Name=ADC_7_N11 New Net Name=ADC_7K_N
Change Net Name : Old Net Name=ADC_7_N12 New Net Name=ADC_7L_N
Change Net Name : Old Net Name=ADC_7_P1 New Net Name=ADC_7A_P
Change Net Name : Old Net Name=ADC_7_P2 New Net Name=ADC_7B_P
Change Net Name : Old Net Name=ADC_7_P3 New Net Name=ADC_7C_P
Change Net Name : Old Net Name=ADC_7_P4 New Net Name=ADC_7D_P
Change Net Name : Old Net Name=ADC_7_P5 New Net Name=ADC_7E_P
Change Net Name : Old Net Name=ADC_7_P6 New Net Name=ADC_7F_P
Change Net Name : Old Net Name=ADC_7_P7 New Net Name=ADC_7G_P
Change Net Name : Old Net Name=ADC_7_P8 New Net Name=ADC_7H_P
Change Net Name : Old Net Name=ADC_7_P9 New Net Name=ADC_7I_P
Change Net Name : Old Net Name=ADC_7_P10 New Net Name=ADC_7J_P
Change Net Name : Old Net Name=ADC_7_P11 New Net Name=ADC_7K_P
Change Net Name : Old Net Name=ADC_7_P12 New Net Name=ADC_7L_P
Change Net Name : Old Net Name=ADC_8_N1 New Net Name=ADC_8A_N
Change Net Name : Old Net Name=ADC_8_N2 New Net Name=ADC_8B_N
Change Net Name : Old Net Name=ADC_8_N3 New Net Name=ADC_8C_N
Change Net Name : Old Net Name=ADC_8_N4 New Net Name=ADC_8D_N
Change Net Name : Old Net Name=ADC_8_N5 New Net Name=ADC_8E_N
Change Net Name : Old Net Name=ADC_8_N6 New Net Name=ADC_8F_N
Change Net Name : Old Net Name=ADC_8_N7 New Net Name=ADC_8G_N
Change Net Name : Old Net Name=ADC_8_N8 New Net Name=ADC_8H_N
Change Net Name : Old Net Name=ADC_8_N9 New Net Name=ADC_8I_N
Change Net Name : Old Net Name=ADC_8_N10 New Net Name=ADC_8J_N
Change Net Name : Old Net Name=ADC_8_N11 New Net Name=ADC_8K_N
Change Net Name : Old Net Name=ADC_8_N12 New Net Name=ADC_8L_N
Change Net Name : Old Net Name=ADC_8_P1 New Net Name=ADC_8A_P
Change Net Name : Old Net Name=ADC_8_P2 New Net Name=ADC_8B_P
Change Net Name : Old Net Name=ADC_8_P3 New Net Name=ADC_8C_P
Change Net Name : Old Net Name=ADC_8_P4 New Net Name=ADC_8D_P
Change Net Name : Old Net Name=ADC_8_P5 New Net Name=ADC_8E_P
Change Net Name : Old Net Name=ADC_8_P6 New Net Name=ADC_8F_P
Change Net Name : Old Net Name=ADC_8_P7 New Net Name=ADC_8G_P
Change Net Name : Old Net Name=ADC_8_P8 New Net Name=ADC_8H_P
Change Net Name : Old Net Name=ADC_8_P9 New Net Name=ADC_8I_P
Change Net Name : Old Net Name=ADC_8_P10 New Net Name=ADC_8J_P
Change Net Name : Old Net Name=ADC_8_P11 New Net Name=ADC_8K_P
Change Net Name : Old Net Name=ADC_8_P12 New Net Name=ADC_8L_P
Added Pin To Net: NetName=ADC_2_N2 Pin=J1-78
Added Net: Name=ADC_2_N2
Added Pin To Net: NetName=ADC_2_P2 Pin=J1-77
Added Net: Name=ADC_2_P2
Added Differential Pair: Name=ADC_1A
Added Differential Pair: Name=ADC_1B
Added Differential Pair: Name=ADC_1C
Added Differential Pair: Name=ADC_1D
Added Differential Pair: Name=ADC_1E
Added Differential Pair: Name=ADC_1F
Added Differential Pair: Name=ADC_1G
Added Differential Pair: Name=ADC_1H
Added Differential Pair: Name=ADC_1I
Added Differential Pair: Name=ADC_1J
Added Differential Pair: Name=ADC_1K
Added Differential Pair: Name=ADC_1L
Added Differential Pair: Name=ADC_2A
Added Differential Pair: Name=ADC_2B
Added Differential Pair: Name=ADC_2C
Added Differential Pair: Name=ADC_2D
Added Differential Pair: Name=ADC_2E
Added Differential Pair: Name=ADC_2F
Added Differential Pair: Name=ADC_2G
Added Differential Pair: Name=ADC_2H
Added Differential Pair: Name=ADC_2I
Added Differential Pair: Name=ADC_2J
Added Differential Pair: Name=ADC_2K
Added Differential Pair: Name=ADC_2L
Added Differential Pair: Name=ADC_3A
Added Differential Pair: Name=ADC_3B
Added Differential Pair: Name=ADC_3C
Added Differential Pair: Name=ADC_3D
Added Differential Pair: Name=ADC_3E
Added Differential Pair: Name=ADC_3F
Added Differential Pair: Name=ADC_3G
Added Differential Pair: Name=ADC_3H
Added Differential Pair: Name=ADC_3I
Added Differential Pair: Name=ADC_3J
Added Differential Pair: Name=ADC_3K
Added Differential Pair: Name=ADC_3L
Added Differential Pair: Name=ADC_4A
Added Differential Pair: Name=ADC_4B
Added Differential Pair: Name=ADC_4C
Added Differential Pair: Name=ADC_4D
Added Differential Pair: Name=ADC_4E
Added Differential Pair: Name=ADC_4F
Added Differential Pair: Name=ADC_4G
Added Differential Pair: Name=ADC_4H
Added Differential Pair: Name=ADC_4I
Added Differential Pair: Name=ADC_4J
Added Differential Pair: Name=ADC_4K
Added Differential Pair: Name=ADC_4L
Added Differential Pair: Name=ADC_5A
Added Differential Pair: Name=ADC_5B
Added Differential Pair: Name=ADC_5C
Added Differential Pair: Name=ADC_5D
Added Differential Pair: Name=ADC_5E
Added Differential Pair: Name=ADC_5F
Added Differential Pair: Name=ADC_5G
Added Differential Pair: Name=ADC_5H
Added Differential Pair: Name=ADC_5I
Added Differential Pair: Name=ADC_5J
Added Differential Pair: Name=ADC_5K
Added Differential Pair: Name=ADC_5L
Added Differential Pair: Name=ADC_6A
Added Differential Pair: Name=ADC_6B
Added Differential Pair: Name=ADC_6C
Added Differential Pair: Name=ADC_6D
Added Differential Pair: Name=ADC_6E
Added Differential Pair: Name=ADC_6F
Added Differential Pair: Name=ADC_6G
Added Differential Pair: Name=ADC_6H
Added Differential Pair: Name=ADC_6I
Added Differential Pair: Name=ADC_6J
Added Differential Pair: Name=ADC_6K
Added Differential Pair: Name=ADC_6L
Added Differential Pair: Name=ADC_7A
Added Differential Pair: Name=ADC_7B
Added Differential Pair: Name=ADC_7C
Added Differential Pair: Name=ADC_7D
Added Differential Pair: Name=ADC_7E
Added Differential Pair: Name=ADC_7F
Added Differential Pair: Name=ADC_7G
Added Differential Pair: Name=ADC_7H
Added Differential Pair: Name=ADC_7I
Added Differential Pair: Name=ADC_7J
Added Differential Pair: Name=ADC_7K
Added Differential Pair: Name=ADC_7L
Added Differential Pair: Name=ADC_8A
Added Differential Pair: Name=ADC_8B
Added Differential Pair: Name=ADC_8C
Added Differential Pair: Name=ADC_8D
Added Differential Pair: Name=ADC_8E
Added Differential Pair: Name=ADC_8F
Added Differential Pair: Name=ADC_8G
Added Differential Pair: Name=ADC_8H
Added Differential Pair: Name=ADC_8I
Added Differential Pair: Name=ADC_8J
Added Differential Pair: Name=ADC_8K
Added Differential Pair: Name=ADC_8L
